nezutaka.c:110:6:MENU	24	static
nezutaka.c:156:6:mode0	0	static
nezutaka.c:164:6:mode1	0	static
nezutaka.c:173:6:mode2	16	static
nezutaka.c:186:6:mode3	64	static
nezutaka.c:201:6:mode4	48	static
nezutaka.c:228:6:mode5	96	static
nezutaka.c:252:6:mode6	128	static
nezutaka.c:284:6:mode7	0	static
nezutaka.c:295:6:mode8	0	static
nezutaka.c:305:6:mode9	8	static
nezutaka.c:317:6:mode10	8	static
nezutaka.c:328:6:mode11	280	static
nezutaka.c:430:6:mode12	280	static
nezutaka.c:525:6:mode13	232	static
nezutaka.c:560:6:mode14	232	static
nezutaka.c:596:6:mode15	232	static
nezutaka.c:32:6:nezutaka	16	static
