stm32f4xx_it.c:77:6:NMI_Handler	0	static
stm32f4xx_it.c:90:6:HardFault_Handler	0	static
stm32f4xx_it.c:105:6:MemManage_Handler	0	static
stm32f4xx_it.c:120:6:BusFault_Handler	0	static
stm32f4xx_it.c:135:6:UsageFault_Handler	0	static
stm32f4xx_it.c:150:6:DebugMon_Handler	0	static
stm32f4xx_it.c:170:6:EXTI0_IRQHandler	0	static
stm32f4xx_it.c:184:6:EXTI2_IRQHandler	0	static
stm32f4xx_it.c:198:6:TIM1_TRG_COM_TIM11_IRQHandler	8	static
stm32f4xx_it.c:213:6:TIM2_IRQHandler	0	static
stm32f4xx_it.c:227:6:EXTI15_10_IRQHandler	0	static
stm32f4xx_it.c:241:6:TIM8_BRK_TIM12_IRQHandler	0	static
