stm32f4xx_hal_msp.c:66:6:HAL_MspInit	8	static
stm32f4xx_hal_msp.c:90:6:HAL_ADC_MspInit	48	static
stm32f4xx_hal_msp.c:147:6:HAL_ADC_MspDeInit	0	static
stm32f4xx_hal_msp.c:195:6:HAL_TIM_PWM_MspInit	24	static
stm32f4xx_hal_msp.c:256:6:HAL_TIM_Base_MspInit	16	static
stm32f4xx_hal_msp.c:275:6:HAL_TIM_MspPostInit	56	static
stm32f4xx_hal_msp.c:380:6:HAL_TIM_PWM_MspDeInit	0	static
stm32f4xx_hal_msp.c:441:6:HAL_TIM_Base_MspDeInit	0	static
stm32f4xx_hal_msp.c:466:6:HAL_UART_MspInit	40	static
stm32f4xx_hal_msp.c:502:6:HAL_UART_MspDeInit	0	static
