Archive member included to satisfy reference by file (symbol)

c:/st/stm32cubeide_1.3.0/stm32cubeide/plugins/com.st.stm32cube.ide.mcu.externaltools.gnu-tools-for-stm32.7-2018-q2-update.win32_1.4.0.202007081208/tools/bin/../lib/gcc/arm-none-eabi/7.3.1/../../../../arm-none-eabi/lib/thumb/v7e-m/fpv4-sp/softfp\libc_nano.a(lib_a-errno.o)
                              Core/Src/syscalls.o (__errno)
c:/st/stm32cubeide_1.3.0/stm32cubeide/plugins/com.st.stm32cube.ide.mcu.externaltools.gnu-tools-for-stm32.7-2018-q2-update.win32_1.4.0.202007081208/tools/bin/../lib/gcc/arm-none-eabi/7.3.1/../../../../arm-none-eabi/lib/thumb/v7e-m/fpv4-sp/softfp\libc_nano.a(lib_a-exit.o)
                              c:/st/stm32cubeide_1.3.0/stm32cubeide/plugins/com.st.stm32cube.ide.mcu.externaltools.gnu-tools-for-stm32.7-2018-q2-update.win32_1.4.0.202007081208/tools/bin/../lib/gcc/arm-none-eabi/7.3.1/../../../../arm-none-eabi/lib/thumb/v7e-m/fpv4-sp/softfp/crt0.o (exit)
c:/st/stm32cubeide_1.3.0/stm32cubeide/plugins/com.st.stm32cube.ide.mcu.externaltools.gnu-tools-for-stm32.7-2018-q2-update.win32_1.4.0.202007081208/tools/bin/../lib/gcc/arm-none-eabi/7.3.1/../../../../arm-none-eabi/lib/thumb/v7e-m/fpv4-sp/softfp\libc_nano.a(lib_a-impure.o)
                              c:/st/stm32cubeide_1.3.0/stm32cubeide/plugins/com.st.stm32cube.ide.mcu.externaltools.gnu-tools-for-stm32.7-2018-q2-update.win32_1.4.0.202007081208/tools/bin/../lib/gcc/arm-none-eabi/7.3.1/../../../../arm-none-eabi/lib/thumb/v7e-m/fpv4-sp/softfp\libc_nano.a(lib_a-exit.o) (_global_impure_ptr)
c:/st/stm32cubeide_1.3.0/stm32cubeide/plugins/com.st.stm32cube.ide.mcu.externaltools.gnu-tools-for-stm32.7-2018-q2-update.win32_1.4.0.202007081208/tools/bin/../lib/gcc/arm-none-eabi/7.3.1/../../../../arm-none-eabi/lib/thumb/v7e-m/fpv4-sp/softfp\libc_nano.a(lib_a-init.o)
                              c:/st/stm32cubeide_1.3.0/stm32cubeide/plugins/com.st.stm32cube.ide.mcu.externaltools.gnu-tools-for-stm32.7-2018-q2-update.win32_1.4.0.202007081208/tools/bin/../lib/gcc/arm-none-eabi/7.3.1/../../../../arm-none-eabi/lib/thumb/v7e-m/fpv4-sp/softfp/crt0.o (__libc_init_array)
c:/st/stm32cubeide_1.3.0/stm32cubeide/plugins/com.st.stm32cube.ide.mcu.externaltools.gnu-tools-for-stm32.7-2018-q2-update.win32_1.4.0.202007081208/tools/bin/../lib/gcc/arm-none-eabi/7.3.1/../../../../arm-none-eabi/lib/thumb/v7e-m/fpv4-sp/softfp\libc_nano.a(lib_a-memcpy-stub.o)
                              Core/Src/flash.o (memcpy)
c:/st/stm32cubeide_1.3.0/stm32cubeide/plugins/com.st.stm32cube.ide.mcu.externaltools.gnu-tools-for-stm32.7-2018-q2-update.win32_1.4.0.202007081208/tools/bin/../lib/gcc/arm-none-eabi/7.3.1/../../../../arm-none-eabi/lib/thumb/v7e-m/fpv4-sp/softfp\libc_nano.a(lib_a-memset.o)
                              c:/st/stm32cubeide_1.3.0/stm32cubeide/plugins/com.st.stm32cube.ide.mcu.externaltools.gnu-tools-for-stm32.7-2018-q2-update.win32_1.4.0.202007081208/tools/bin/../lib/gcc/arm-none-eabi/7.3.1/../../../../arm-none-eabi/lib/thumb/v7e-m/fpv4-sp/softfp/crt0.o (memset)
c:/st/stm32cubeide_1.3.0/stm32cubeide/plugins/com.st.stm32cube.ide.mcu.externaltools.gnu-tools-for-stm32.7-2018-q2-update.win32_1.4.0.202007081208/tools/bin/../lib/gcc/arm-none-eabi/7.3.1/../../../../arm-none-eabi/lib/thumb/v7e-m/fpv4-sp/softfp\libc_nano.a(lib_a-nano-vfprintf_float.o)
                              (_printf_float)
c:/st/stm32cubeide_1.3.0/stm32cubeide/plugins/com.st.stm32cube.ide.mcu.externaltools.gnu-tools-for-stm32.7-2018-q2-update.win32_1.4.0.202007081208/tools/bin/../lib/gcc/arm-none-eabi/7.3.1/../../../../arm-none-eabi/lib/thumb/v7e-m/fpv4-sp/softfp\libc_nano.a(lib_a-nano-vfprintf_i.o)
                              c:/st/stm32cubeide_1.3.0/stm32cubeide/plugins/com.st.stm32cube.ide.mcu.externaltools.gnu-tools-for-stm32.7-2018-q2-update.win32_1.4.0.202007081208/tools/bin/../lib/gcc/arm-none-eabi/7.3.1/../../../../arm-none-eabi/lib/thumb/v7e-m/fpv4-sp/softfp\libc_nano.a(lib_a-nano-vfprintf_float.o) (_printf_common)
c:/st/stm32cubeide_1.3.0/stm32cubeide/plugins/com.st.stm32cube.ide.mcu.externaltools.gnu-tools-for-stm32.7-2018-q2-update.win32_1.4.0.202007081208/tools/bin/../lib/gcc/arm-none-eabi/7.3.1/../../../../arm-none-eabi/lib/thumb/v7e-m/fpv4-sp/softfp\libc_nano.a(lib_a-printf.o)
                              Core/Src/agent.o (printf)
c:/st/stm32cubeide_1.3.0/stm32cubeide/plugins/com.st.stm32cube.ide.mcu.externaltools.gnu-tools-for-stm32.7-2018-q2-update.win32_1.4.0.202007081208/tools/bin/../lib/gcc/arm-none-eabi/7.3.1/../../../../arm-none-eabi/lib/thumb/v7e-m/fpv4-sp/softfp\libc_nano.a(lib_a-putchar.o)
                              Core/Src/maze.o (putchar)
c:/st/stm32cubeide_1.3.0/stm32cubeide/plugins/com.st.stm32cube.ide.mcu.externaltools.gnu-tools-for-stm32.7-2018-q2-update.win32_1.4.0.202007081208/tools/bin/../lib/gcc/arm-none-eabi/7.3.1/../../../../arm-none-eabi/lib/thumb/v7e-m/fpv4-sp/softfp\libc_nano.a(lib_a-puts.o)
                              Core/Src/adc.o (puts)
[...]
Memory Configuration

Name             Origin             Length             Attributes
CCMRAM           0x0000000010000000 0x0000000000010000 xrw
RAM              0x0000000020000000 0x0000000000020000 xrw
FLASH_SECTOR0    0x0000000008000000 0x0000000000004000 xr
FLASH_SECTOR1    0x0000000008004000 0x0000000000004000 r
FLASH            0x0000000008008000 0x00000000000f8000 xr
*default*        0x0000000000000000 0xffffffffffffffff

Linker script and memory map

LOAD c:/st/stm32cubeide_1.3.0/stm32cubeide/plugins/com.st.stm32cube.ide.mcu.externaltools.gnu-tools-for-stm32.7-2018-q2-update.win32_1.4.0.202007081208/tools/bin/../lib/gcc/arm-none-eabi/7.3.1/thumb/v7e-m/fpv4-sp/softfp/crti.o
LOAD c:/st/stm32cubeide_1.3.0/stm32cubeide/plugins/com.st.stm32cube.ide.mcu.externaltools.gnu-tools-for-stm32.7-2018-q2-update.win32_1.4.0.202007081208/tools/bin/../lib/gcc/arm-none-eabi/7.3.1/thumb/v7e-m/fpv4-sp/softfp/crtbegin.o
LOAD c:/st/stm32cubeide_1.3.0/stm32cubeide/plugins/com.st.stm32cube.ide.mcu.externaltools.gnu-tools-for-stm32.7-2018-q2-update.win32_1.4.0.202007081208/tools/bin/../lib/gcc/arm-none-eabi/7.3.1/../../../../arm-none-eabi/lib/thumb/v7e-m/fpv4-sp/softfp/crt0.o
LOAD Core/Src/UI.o
LOAD Core/Src/adc.o
LOAD Core/Src/agent.o
LOAD Core/Src/battery.o
LOAD Core/Src/buzzer.o
LOAD Core/Src/flash.o
LOAD Core/Src/freertos.o
LOAD Core/Src/interrupt.o
LOAD Core/Src/main.o
LOAD Core/Src/maze.o
LOAD Core/Src/motor.o
LOAD Core/Src/nezutaka.o
LOAD Core/Src/run.o
LOAD Core/Src/sensor.o
LOAD Core/Src/stm32f4xx_hal_msp.o
LOAD Core/Src/stm32f4xx_hal_timebase_tim.o
LOAD Core/Src/stm32f4xx_it.o
LOAD Core/Src/syscalls.o
LOAD Core/Src/sysmem.o
LOAD Core/Src/system_stm32f4xx.o
LOAD Core/Src/timer.o
LOAD Core/Src/uart.o
LOAD Core/Startup/startup_stm32f405rgtx.o
LOAD Drivers/STM32F4xx_HAL_Driver/Src/stm32f4xx_hal.o
LOAD Drivers/STM32F4xx_HAL_Driver/Src/stm32f4xx_hal_adc.o
LOAD Drivers/STM32F4xx_HAL_Driver/Src/stm32f4xx_hal_adc_ex.o
LOAD Drivers/STM32F4xx_HAL_Driver/Src/stm32f4xx_hal_cortex.o
LOAD Drivers/STM32F4xx_HAL_Driver/Src/stm32f4xx_hal_dma.o
LOAD Drivers/STM32F4xx_HAL_Driver/Src/stm32f4xx_hal_dma_ex.o
LOAD Drivers/STM32F4xx_HAL_Driver/Src/stm32f4xx_hal_exti.o
LOAD Drivers/STM32F4xx_HAL_Driver/Src/stm32f4xx_hal_flash.o
LOAD Drivers/STM32F4xx_HAL_Driver/Src/stm32f4xx_hal_flash_ex.o
LOAD Drivers/STM32F4xx_HAL_Driver/Src/stm32f4xx_hal_flash_ramfunc.o
LOAD Drivers/STM32F4xx_HAL_Driver/Src/stm32f4xx_hal_gpio.o
LOAD Drivers/STM32F4xx_HAL_Driver/Src/stm32f4xx_hal_pwr.o
LOAD Drivers/STM32F4xx_HAL_Driver/Src/stm32f4xx_hal_pwr_ex.o
LOAD Drivers/STM32F4xx_HAL_Driver/Src/stm32f4xx_hal_rcc.o
LOAD Drivers/STM32F4xx_HAL_Driver/Src/stm32f4xx_hal_rcc_ex.o
LOAD Drivers/STM32F4xx_HAL_Driver/Src/stm32f4xx_hal_tim.o
LOAD Drivers/STM32F4xx_HAL_Driver/Src/stm32f4xx_hal_tim_ex.o
LOAD Drivers/STM32F4xx_HAL_Driver/Src/stm32f4xx_hal_uart.o
LOAD Middlewares/Third_Party/FreeRTOS/Source/CMSIS_RTOS_V2/cmsis_os2.o
LOAD Middlewares/Third_Party/FreeRTOS/Source/croutine.o
LOAD Middlewares/Third_Party/FreeRTOS/Source/event_groups.o
LOAD Middlewares/Third_Party/FreeRTOS/Source/list.o
LOAD Middlewares/Third_Party/FreeRTOS/Source/queue.o
LOAD Middlewares/Third_Party/FreeRTOS/Source/stream_buffer.o
LOAD Middlewares/Third_Party/FreeRTOS/Source/tasks.o
LOAD Middlewares/Third_Party/FreeRTOS/Source/timers.o
LOAD Middlewares/Third_Party/FreeRTOS/Source/portable/GCC/ARM_CM4F/port.o
LOAD Middlewares/Third_Party/FreeRTOS/Source/portable/MemMang/heap_4.o
LOAD C:\Users\junmo\OneDrive - kcg.ac.jp\BACKUP\mause\nezutaka\nezutaka_git\libarm_cortexM4lf_math.a
LOAD c:/st/stm32cubeide_1.3.0/stm32cubeide/plugins/com.st.stm32cube.ide.mcu.externaltools.gnu-tools-for-stm32.7-2018-q2-update.win32_1.4.0.202007081208/tools/bin/../lib/gcc/arm-none-eabi/7.3.1/../../../../arm-none-eabi/lib/thumb/v7e-m/fpv4-sp/softfp\libm.a
START GROUP
LOAD c:/st/stm32cubeide_1.3.0/stm32cubeide/plugins/com.st.stm32cube.ide.mcu.externaltools.gnu-tools-for-stm32.7-2018-q2-update.win32_1.4.0.202007081208/tools/bin/../lib/gcc/arm-none-eabi/7.3.1/../../../../arm-none-eabi/lib/thumb/v7e-m/fpv4-sp/softfp\libc_nano.a
LOAD c:/st/stm32cubeide_1.3.0/stm32cubeide/plugins/com.st.stm32cube.ide.mcu.externaltools.gnu-tools-for-stm32.7-2018-q2-update.win32_1.4.0.202007081208/tools/bin/../lib/gcc/arm-none-eabi/7.3.1/../../../../arm-none-eabi/lib/thumb/v7e-m/fpv4-sp/softfp\libm.a
END GROUP
START GROUP
LOAD c:/st/stm32cubeide_1.3.0/stm32cubeide/plugins/com.st.stm32cube.ide.mcu.externaltools.gnu-tools-for-stm32.7-2018-q2-update.win32_1.4.0.202007081208/tools/bin/../lib/gcc/arm-none-eabi/7.3.1/thumb/v7e-m/fpv4-sp/softfp\libgcc.a
LOAD c:/st/stm32cubeide_1.3.0/stm32cubeide/plugins/com.st.stm32cube.ide.mcu.externaltools.gnu-tools-for-stm32.7-2018-q2-update.win32_1.4.0.202007081208/tools/bin/../lib/gcc/arm-none-eabi/7.3.1/../../../../arm-none-eabi/lib/thumb/v7e-m/fpv4-sp/softfp\libc_nano.a
END GROUP
START GROUP
LOAD c:/st/stm32cubeide_1.3.0/stm32cubeide/plugins/com.st.stm32cube.ide.mcu.externaltools.gnu-tools-for-stm32.7-2018-q2-update.win32_1.4.0.202007081208/tools/bin/../lib/gcc/arm-none-eabi/7.3.1/thumb/v7e-m/fpv4-sp/softfp\libgcc.a
LOAD c:/st/stm32cubeide_1.3.0/stm32cubeide/plugins/com.st.stm32cube.ide.mcu.externaltools.gnu-tools-for-stm32.7-2018-q2-update.win32_1.4.0.202007081208/tools/bin/../lib/gcc/arm-none-eabi/7.3.1/../../../../arm-none-eabi/lib/thumb/v7e-m/fpv4-sp/softfp\libc_nano.a
LOAD c:/st/stm32cubeide_1.3.0/stm32cubeide/plugins/com.st.stm32cube.ide.mcu.externaltools.gnu-tools-for-stm32.7-2018-q2-update.win32_1.4.0.202007081208/tools/bin/../lib/gcc/arm-none-eabi/7.3.1/../../../../arm-none-eabi/lib/thumb/v7e-m/fpv4-sp/softfp\libnosys.a
END GROUP
START GROUP
LOAD c:/st/stm32cubeide_1.3.0/stm32cubeide/plugins/com.st.stm32cube.ide.mcu.externaltools.gnu-tools-for-stm32.7-2018-q2-update.win32_1.4.0.202007081208/tools/bin/../lib/gcc/arm-none-eabi/7.3.1/thumb/v7e-m/fpv4-sp/softfp\libgcc.a
LOAD c:/st/stm32cubeide_1.3.0/stm32cubeide/plugins/com.st.stm32cube.ide.mcu.externaltools.gnu-tools-for-stm32.7-2018-q2-update.win32_1.4.0.202007081208/tools/bin/../lib/gcc/arm-none-eabi/7.3.1/../../../../arm-none-eabi/lib/thumb/v7e-m/fpv4-sp/softfp\libc_nano.a
LOAD c:/st/stm32cubeide_1.3.0/stm32cubeide/plugins/com.st.stm32cube.ide.mcu.externaltools.gnu-tools-for-stm32.7-2018-q2-update.win32_1.4.0.202007081208/tools/bin/../lib/gcc/arm-none-eabi/7.3.1/../../../../arm-none-eabi/lib/thumb/v7e-m/fpv4-sp/softfp\libnosys.a
END GROUP
LOAD c:/st/stm32cubeide_1.3.0/stm32cubeide/plugins/com.st.stm32cube.ide.mcu.externaltools.gnu-tools-for-stm32.7-2018-q2-update.win32_1.4.0.202007081208/tools/bin/../lib/gcc/arm-none-eabi/7.3.1/thumb/v7e-m/fpv4-sp/softfp/crtend.o
LOAD c:/st/stm32cubeide_1.3.0/stm32cubeide/plugins/com.st.stm32cube.ide.mcu.externaltools.gnu-tools-for-stm32.7-2018-q2-update.win32_1.4.0.202007081208/tools/bin/../lib/gcc/arm-none-eabi/7.3.1/thumb/v7e-m/fpv4-sp/softfp/crtn.o
                0x0000000020020000                _estack = (ORIGIN (RAM) + LENGTH (RAM))
                0x0000000000000200                _Min_Heap_Size = 0x200
                0x0000000000000400                _Min_Stack_Size = 0x400

.isr_vector     0x0000000008000000      0x188
                0x0000000008000000                . = ALIGN (0x4)
 *(.isr_vector)
 .isr_vector    0x0000000008000000      0x188 Core/Startup/startup_stm32f405rgtx.o
                0x0000000008000000                g_pfnVectors
                0x0000000008000188                . = ALIGN (0x4)

.backup_flash   0x0000000008004000     0x4000
                0x0000000008004000                _backup_flash_start = .
                0x0000000008008000                . = (. + LENGTH (FLASH_SECTOR1))
 *fill*         0x0000000008004000     0x4000 

.text           0x0000000008008000     0xc980
                0x0000000008008000                . = ALIGN (0x4)
 *(.text)
 .text          0x0000000008008000       0x40 c:/st/stm32cubeide_1.3.0/stm32cubeide/plugins/com.st.stm32cube.ide.mcu.externaltools.gnu-tools-for-stm32.7-2018-q2-update.win32_1.4.0.202007081208/tools/bin/../lib/gcc/arm-none-eabi/7.3.1/thumb/v7e-m/fpv4-sp/softfp/crtbegin.o
 .text          0x0000000008008040       0x10 c:/st/stm32cubeide_1.3.0/stm32cubeide/plugins/com.st.stm32cube.ide.mcu.externaltools.gnu-tools-for-stm32.7-2018-q2-update.win32_1.4.0.202007081208/tools/bin/../lib/gcc/arm-none-eabi/7.3.1/../../../../arm-none-eabi/lib/thumb/v7e-m/fpv4-sp/softfp\libc_nano.a(lib_a-strlen.o)
                0x0000000008008040                strlen
 .text          0x0000000008008050       0xa0 c:/st/stm32cubeide_1.3.0/stm32cubeide/plugins/com.st.stm32cube.ide.mcu.externaltools.gnu-tools-for-stm32.7-2018-q2-update.win32_1.4.0.202007081208/tools/bin/../lib/gcc/arm-none-eabi/7.3.1/../../../../arm-none-eabi/lib/thumb/v7e-m/fpv4-sp/softfp\libc_nano.a(lib_a-memchr.o)
                0x0000000008008050                memchr
 .text          0x00000000080080f0      0x378 c:/st/stm32cubeide_1.3.0/stm32cubeide/plugins/com.st.stm32cube.ide.mcu.externaltools.gnu-tools-for-stm32.7-2018-q2-update.win32_1.4.0.202007081208/tools/bin/../lib/gcc/arm-none-eabi/7.3.1/thumb/v7e-m/fpv4-sp/softfp\libgcc.a(_arm_addsubdf3.o)
                0x00000000080080f0                __aeabi_drsub
                0x00000000080080f8                __aeabi_dsub
                0x00000000080080f8                __subdf3
                0x00000000080080fc                __aeabi_dadd
                0x00000000080080fc                __adddf3
                0x0000000008008374                __floatunsidf
                0x0000000008008374                __aeabi_ui2d
                0x0000000008008394                __floatsidf
                0x0000000008008394                __aeabi_i2d
                0x00000000080083b8                __aeabi_f2d
                0x00000000080083b8                __extendsfdf2
                0x00000000080083fc                __floatundidf
                0x00000000080083fc                __aeabi_ul2d
                0x000000000800840c                __floatdidf
                0x000000000800840c                __aeabi_l2d
 .text          0x0000000008008468      0x424 c:/st/stm32cubeide_1.3.0/stm32cubeide/plugins/com.st.stm32cube.ide.mcu.externaltools.gnu-tools-for-stm32.7-2018-q2-update.win32_1.4.0.202007081208/tools/bin/../lib/gcc/arm-none-eabi/7.3.1/thumb/v7e-m/fpv4-sp/softfp\libgcc.a(_arm_muldivdf3.o)
                0x0000000008008468                __aeabi_dmul
                0x0000000008008468                __muldf3
                0x00000000080086bc                __divdf3
                0x00000000080086bc                __aeabi_ddiv
 .text          0x000000000800888c      0x110 c:/st/stm32cubeide_1.3.0/stm32cubeide/plugins/com.st.stm32cube.ide.mcu.externaltools.gnu-tools-for-stm32.7-2018-q2-update.win32_1.4.0.202007081208/tools/bin/../lib/gcc/arm-none-eabi/7.3.1/thumb/v7e-m/fpv4-sp/softfp\libgcc.a(_arm_cmpdf2.o)
                0x000000000800888c                __gtdf2
                0x000000000800888c                __gedf2
                0x0000000008008894                __ltdf2
                0x0000000008008894                __ledf2
                0x000000000800889c                __nedf2
                0x000000000800889c                __eqdf2
                0x000000000800889c                __cmpdf2
                0x0000000008008918                __aeabi_cdrcmple
                0x0000000008008928                __aeabi_cdcmpeq
                0x0000000008008928                __aeabi_cdcmple
                0x0000000008008938                __aeabi_dcmpeq
                0x000000000800894c                __aeabi_dcmplt
                0x0000000008008960                __aeabi_dcmple
                0x0000000008008974                __aeabi_dcmpge
                0x0000000008008988                __aeabi_dcmpgt
 .text          0x000000000800899c       0x2c c:/st/stm32cubeide_1.3.0/stm32cubeide/plugins/com.st.stm32cube.ide.mcu.externaltools.gnu-tools-for-stm32.7-2018-q2-update.win32_1.4.0.202007081208/tools/bin/../lib/gcc/arm-none-eabi/7.3.1/thumb/v7e-m/fpv4-sp/softfp\libgcc.a(_arm_unorddf2.o)
                0x000000000800899c                __unorddf2
                0x000000000800899c                __aeabi_dcmpun
 .text          0x00000000080089c8       0x50 c:/st/stm32cubeide_1.3.0/stm32cubeide/plugins/com.st.stm32cube.ide.mcu.externaltools.gnu-tools-for-stm32.7-2018-q2-update.win32_1.4.0.202007081208/tools/bin/../lib/gcc/arm-none-eabi/7.3.1/thumb/v7e-m/fpv4-sp/softfp\libgcc.a(_arm_fixdfsi.o)
                0x00000000080089c8                __aeabi_d2iz
                0x00000000080089c8                __fixdfsi
 .text          0x0000000008008a18       0x40 c:/st/stm32cubeide_1.3.0/stm32cubeide/plugins/com.st.stm32cube.ide.mcu.externaltools.gnu-tools-for-stm32.7-2018-q2-update.win32_1.4.0.202007081208/tools/bin/../lib/gcc/arm-none-eabi/7.3.1/thumb/v7e-m/fpv4-sp/softfp\libgcc.a(_arm_fixunsdfsi.o)
                0x0000000008008a18                __aeabi_d2uiz
                0x0000000008008a18                __fixunsdfsi
 .text          0x0000000008008a58       0xa0 c:/st/stm32cubeide_1.3.0/stm32cubeide/plugins/com.st.stm32cube.ide.mcu.externaltools.gnu-tools-for-stm32.7-2018-q2-update.win32_1.4.0.202007081208/tools/bin/../lib/gcc/arm-none-eabi/7.3.1/thumb/v7e-m/fpv4-sp/softfp\libgcc.a(_arm_truncdfsf2.o)
                0x0000000008008a58                __truncdfsf2
                0x0000000008008a58                __aeabi_d2f
 .text          0x0000000008008af8       0x30 c:/st/stm32cubeide_1.3.0/stm32cubeide/plugins/com.st.stm32cube.ide.mcu.externaltools.gnu-tools-for-stm32.7-2018-q2-update.win32_1.4.0.202007081208/tools/bin/../lib/gcc/arm-none-eabi/7.3.1/thumb/v7e-m/fpv4-sp/softfp\libgcc.a(_aeabi_uldivmod.o)
                0x0000000008008af8                __aeabi_uldivmod
 .text          0x0000000008008b28      0x2cc c:/st/stm32cubeide_1.3.0/stm32cubeide/plugins/com.st.stm32cube.ide.mcu.externaltools.gnu-tools-for-stm32.7-2018-q2-update.win32_1.4.0.202007081208/tools/bin/../lib/gcc/arm-none-eabi/7.3.1/thumb/v7e-m/fpv4-sp/softfp\libgcc.a(_udivmoddi4.o)
                0x0000000008008b28                __udivmoddi4
 .text          0x0000000008008df4        0x4 c:/st/stm32cubeide_1.3.0/stm32cubeide/plugins/com.st.stm32cube.ide.mcu.externaltools.gnu-tools-for-stm32.7-2018-q2-update.win32_1.4.0.202007081208/tools/bin/../lib/gcc/arm-none-eabi/7.3.1/thumb/v7e-m/fpv4-sp/softfp\libgcc.a(_dvmd_tls.o)
                0x0000000008008df4                __aeabi_idiv0
                0x0000000008008df4                __aeabi_ldiv0
 *(.text*)
 .text.RGBLED_SET
                0x0000000008008df8       0x34 Core/Src/UI.o
                0x0000000008008df8                RGBLED_SET
 .text.UILED_SET
                0x0000000008008e2c       0x54 Core/Src/UI.o
                0x0000000008008e2c                UILED_SET
 .text.ADConv   0x0000000008008e80       0x84 Core/Src/adc.o
                0x0000000008008e80                ADConv
 .text.adachi   0x0000000008008f04      0x5a4 Core/Src/agent.o
                0x0000000008008f04                adachi
 .text.saitan   0x00000000080094a8      0x7e0 Core/Src/agent.o
                0x00000000080094a8                saitan
 .text.BatteryCheck
                0x0000000008009c88       0x80 Core/Src/battery.o
                0x0000000008009c88                BatteryCheck
 .text.BUZZER   0x0000000008009d08       0x58 Core/Src/buzzer.o
                0x0000000008009d08                BUZZER
 .text.tone     0x0000000008009d60       0x18 Core/Src/buzzer.o
                0x0000000008009d60                tone
 .text.music    0x0000000008009d78       0x8c Core/Src/buzzer.o
                0x0000000008009d78                music
 .text.HAL_TIM_PeriodElapsedCallback
                0x0000000008009e04       0x4c Core/Src/interrupt.o
                0x0000000008009e04                HAL_TIM_PeriodElapsedCallback
 .text.HAL_GPIO_EXTI_Callback
                0x0000000008009e50       0x30 Core/Src/interrupt.o
                0x0000000008009e50                HAL_GPIO_EXTI_Callback
 .text.StartDefaultTask
                0x0000000008009e80       0x38 Core/Src/main.o
                0x0000000008009e80                StartDefaultTask
 .text.SystemClock_Config
                0x0000000008009eb8       0x98 Core/Src/main.o
                0x0000000008009eb8                SystemClock_Config
 .text.startup.main
                0x0000000008009f50      0x5e4 Core/Src/main.o
                0x0000000008009f50                main
 .text.Error_Handler
                0x000000000800a534        0x2 Core/Src/main.o
                0x000000000800a534                Error_Handler
 *fill*         0x000000000800a536        0x2 
 .text.print_map
                0x000000000800a538      0x1b4 Core/Src/maze.o
                0x000000000800a538                print_map
 .text.smap_Init
                0x000000000800a6ec       0x90 Core/Src/maze.o
                0x000000000800a6ec                smap_Init
 .text.make_smap
                0x000000000800a77c      0x5b4 Core/Src/maze.o
                0x000000000800a77c                make_smap
 .text.wall_set
                0x000000000800ad30       0xd4 Core/Src/maze.o
                0x000000000800ad30                wall_set
 .text.wall_set_around
                0x000000000800ae04      0x118 Core/Src/maze.o
                0x000000000800ae04                wall_set_around
 .text.check_searchBlock
                0x000000000800af1c      0x558 Core/Src/maze.o
                0x000000000800af1c                check_searchBlock
 *fill*         0x000000000800b474        0x4 
 .text.MOTOR_R  0x000000000800b478       0xd8 Core/Src/motor.o
                0x000000000800b478                MOTOR_R
 .text.MOTOR_L  0x000000000800b550       0xd8 Core/Src/motor.o
                0x000000000800b550                MOTOR_L
 .text.MORTOR_SLEEP_CHECK
                0x000000000800b628       0x5c Core/Src/motor.o
                0x000000000800b628                MORTOR_SLEEP_CHECK
 *fill*         0x000000000800b684        0x4 
 .text.SPEEDtoHz
                0x000000000800b688       0x20 Core/Src/motor.o
                0x000000000800b688                SPEEDtoHz
 .text.HztoSPEED
                0x000000000800b6a8       0x20 Core/Src/motor.o
                0x000000000800b6a8                HztoSPEED
 .text.mortor_direction
                0x000000000800b6c8       0x2c Core/Src/motor.o
                0x000000000800b6c8                mortor_direction
 .text.motor_stop
                0x000000000800b6f4       0x64 Core/Src/motor.o
                0x000000000800b6f4                motor_stop
 .text.MENU     0x000000000800b758       0xfc Core/Src/nezutaka.o
                0x000000000800b758                MENU
 .text.mode2    0x000000000800b854       0x44 Core/Src/nezutaka.o
                0x000000000800b854                mode2
 .text.mode3    0x000000000800b898       0x58 Core/Src/nezutaka.o
                0x000000000800b898                mode3
 .text.mode4    0x000000000800b8f0       0x54 Core/Src/nezutaka.o
                0x000000000800b8f0                mode4
 .text.mode5    0x000000000800b944       0x98 Core/Src/nezutaka.o
                0x000000000800b944                mode5
 .text.mode6    0x000000000800b9dc       0xe0 Core/Src/nezutaka.o
                0x000000000800b9dc                mode6
 .text.mode9    0x000000000800babc       0x14 Core/Src/nezutaka.o
                0x000000000800babc                mode9
 .text.mode10   0x000000000800bad0       0x14 Core/Src/nezutaka.o
                0x000000000800bad0                mode10
 .text.mode11   0x000000000800bae4      0x324 Core/Src/nezutaka.o
                0x000000000800bae4                mode11
 .text.mode12   0x000000000800be08      0x328 Core/Src/nezutaka.o
                0x000000000800be08                mode12
 .text.mode13   0x000000000800c130       0xf8 Core/Src/nezutaka.o
                0x000000000800c130                mode13
 .text.mode14   0x000000000800c228       0xf8 Core/Src/nezutaka.o
                0x000000000800c228                mode14
 .text.mode15   0x000000000800c320       0xf8 Core/Src/nezutaka.o
                0x000000000800c320                mode15
 .text.nezutaka
                0x000000000800c418       0xf8 Core/Src/nezutaka.o
                0x000000000800c418                nezutaka
 .text.turn     0x000000000800c510      0x270 Core/Src/run.o
                0x000000000800c510                turn
 .text.PID      0x000000000800c780       0xfc Core/Src/run.o
                0x000000000800c780                PID
 *fill*         0x000000000800c87c        0x4 
 .text.straight
                0x000000000800c880      0x658 Core/Src/run.o
                0x000000000800c880                straight
 .text.sirituke
                0x000000000800ced8       0x3c Core/Src/run.o
                0x000000000800ced8                sirituke
 .text.ajast    0x000000000800cf14       0x38 Core/Src/run.o
                0x000000000800cf14                ajast
 .text.chenge_pos
                0x000000000800cf4c       0x28 Core/Src/run.o
                0x000000000800cf4c                chenge_pos
 .text.chenge_head
                0x000000000800cf74       0x30 Core/Src/run.o
                0x000000000800cf74                chenge_head
 *fill*         0x000000000800cfa4        0x4 
 .text.slalom   0x000000000800cfa8      0x7a8 Core/Src/run.o
                0x000000000800cfa8                slalom
 .text.turn_u   0x000000000800d750       0x40 Core/Src/run.o
                0x000000000800d750                turn_u
 .text.Sensor   0x000000000800d790      0x1a8 Core/Src/sensor.o
                0x000000000800d790                Sensor
 .text.read_wall
                0x000000000800d938       0x1e Core/Src/sensor.o
                0x000000000800d938                read_wall
 *fill*         0x000000000800d956        0x2 
 .text.print_sensordata
                0x000000000800d958       0x44 Core/Src/sensor.o
                0x000000000800d958                print_sensordata
 .text.SENSOR_PRINT
                0x000000000800d99c       0x7c Core/Src/sensor.o
                0x000000000800d99c                SENSOR_PRINT
 .text.HAL_MspInit
                0x000000000800da18       0x40 Core/Src/stm32f4xx_hal_msp.o
                0x000000000800da18                HAL_MspInit
 .text.HAL_ADC_MspInit
                0x000000000800da58       0xb0 Core/Src/stm32f4xx_hal_msp.o
                0x000000000800da58                HAL_ADC_MspInit
 .text.HAL_TIM_PWM_MspInit
                0x000000000800db08       0xb8 Core/Src/stm32f4xx_hal_msp.o
                0x000000000800db08                HAL_TIM_PWM_MspInit
 .text.HAL_TIM_Base_MspInit
                0x000000000800dbc0       0x3e Core/Src/stm32f4xx_hal_msp.o
                0x000000000800dbc0                HAL_TIM_Base_MspInit
 *fill*         0x000000000800dbfe        0x2 
 .text.HAL_TIM_MspPostInit
                0x000000000800dc00      0x11c Core/Src/stm32f4xx_hal_msp.o
                0x000000000800dc00                HAL_TIM_MspPostInit
 .text.HAL_UART_MspInit
                0x000000000800dd1c       0x6c Core/Src/stm32f4xx_hal_msp.o
                0x000000000800dd1c                HAL_UART_MspInit
 .text.HAL_InitTick
                0x000000000800dd88       0x7c Core/Src/stm32f4xx_hal_timebase_tim.o
                0x000000000800dd88                HAL_InitTick
 .text.NMI_Handler
                0x000000000800de04        0x2 Core/Src/stm32f4xx_it.o
                0x000000000800de04                NMI_Handler
 .text.HardFault_Handler
                0x000000000800de06        0x2 Core/Src/stm32f4xx_it.o
                0x000000000800de06                HardFault_Handler
 .text.MemManage_Handler
                0x000000000800de08        0x2 Core/Src/stm32f4xx_it.o
                0x000000000800de08                MemManage_Handler
 .text.BusFault_Handler
                0x000000000800de0a        0x2 Core/Src/stm32f4xx_it.o
                0x000000000800de0a                BusFault_Handler
 .text.UsageFault_Handler
                0x000000000800de0c        0x2 Core/Src/stm32f4xx_it.o
                0x000000000800de0c                UsageFault_Handler
 .text.DebugMon_Handler
                0x000000000800de0e        0x2 Core/Src/stm32f4xx_it.o
                0x000000000800de0e                DebugMon_Handler
 .text.EXTI0_IRQHandler
                0x000000000800de10        0x6 Core/Src/stm32f4xx_it.o
                0x000000000800de10                EXTI0_IRQHandler
 .text.EXTI2_IRQHandler
                0x000000000800de16        0x6 Core/Src/stm32f4xx_it.o
                0x000000000800de16                EXTI2_IRQHandler
 .text.TIM1_TRG_COM_TIM11_IRQHandler
                0x000000000800de1c       0x1c Core/Src/stm32f4xx_it.o
                0x000000000800de1c                TIM1_TRG_COM_TIM11_IRQHandler
 .text.TIM2_IRQHandler
                0x000000000800de38        0xc Core/Src/stm32f4xx_it.o
                0x000000000800de38                TIM2_IRQHandler
 .text.EXTI15_10_IRQHandler
                0x000000000800de44        0x8 Core/Src/stm32f4xx_it.o
                0x000000000800de44                EXTI15_10_IRQHandler
 .text.TIM8_BRK_TIM12_IRQHandler
                0x000000000800de4c        0xc Core/Src/stm32f4xx_it.o
                0x000000000800de4c                TIM8_BRK_TIM12_IRQHandler
 .text._read    0x000000000800de58       0x1c Core/Src/syscalls.o
                0x000000000800de58                _read
 .text._write   0x000000000800de74       0x1c Core/Src/syscalls.o
                0x000000000800de74                _write
 .text._close   0x000000000800de90        0x6 Core/Src/syscalls.o
                0x000000000800de90                _close
 .text._fstat   0x000000000800de96        0xa Core/Src/syscalls.o
                0x000000000800de96                _fstat
 .text._isatty  0x000000000800dea0        0x4 Core/Src/syscalls.o
                0x000000000800dea0                _isatty
 .text._lseek   0x000000000800dea4        0x4 Core/Src/syscalls.o
                0x000000000800dea4                _lseek
 .text._sbrk    0x000000000800dea8       0x34 Core/Src/sysmem.o
                0x000000000800dea8                _sbrk
 .text.SystemInit
                0x000000000800dedc       0x1c Core/Src/system_stm32f4xx.o
                0x000000000800dedc                SystemInit
 .text.PWM_Set  0x000000000800def8       0x48 Core/Src/timer.o
                0x000000000800def8                PWM_Set
 .text.wait_us  0x000000000800df40       0x28 Core/Src/timer.o
                0x000000000800df40                wait_us
 .text.Delay_ms
                0x000000000800df68       0x12 Core/Src/timer.o
                0x000000000800df68                Delay_ms
 *fill*         0x000000000800df7a        0x2 
 .text.__io_putchar
                0x000000000800df7c       0x1c Core/Src/uart.o
                0x000000000800df7c                __io_putchar
 .text.Reset_Handler
                0x000000000800df98       0x50 Core/Startup/startup_stm32f405rgtx.o
                0x000000000800df98                Reset_Handler
 .text.Default_Handler
                0x000000000800dfe8        0x2 Core/Startup/startup_stm32f405rgtx.o
                0x000000000800dfe8                RTC_Alarm_IRQHandler
                0x000000000800dfe8                HASH_RNG_IRQHandler
                0x000000000800dfe8                TIM8_CC_IRQHandler
                0x000000000800dfe8                TIM1_CC_IRQHandler
                0x000000000800dfe8                DMA2_Stream5_IRQHandler
                0x000000000800dfe8                DMA1_Stream5_IRQHandler
                0x000000000800dfe8                PVD_IRQHandler
                0x000000000800dfe8                SDIO_IRQHandler
                0x000000000800dfe8                TAMP_STAMP_IRQHandler
                0x000000000800dfe8                CAN2_RX1_IRQHandler
                0x000000000800dfe8                EXTI3_IRQHandler
                0x000000000800dfe8                TIM8_TRG_COM_TIM14_IRQHandler
                0x000000000800dfe8                TIM1_UP_TIM10_IRQHandler
                0x000000000800dfe8                TIM8_UP_TIM13_IRQHandler
                0x000000000800dfe8                I2C3_ER_IRQHandler
                0x000000000800dfe8                I2C2_EV_IRQHandler
                0x000000000800dfe8                DMA1_Stream2_IRQHandler
                0x000000000800dfe8                CAN1_RX0_IRQHandler
                0x000000000800dfe8                FPU_IRQHandler
                0x000000000800dfe8                OTG_HS_WKUP_IRQHandler
                0x000000000800dfe8                CAN2_SCE_IRQHandler
                0x000000000800dfe8                DMA2_Stream2_IRQHandler
                0x000000000800dfe8                SPI1_IRQHandler
                0x000000000800dfe8                TIM6_DAC_IRQHandler
                0x000000000800dfe8                TIM1_BRK_TIM9_IRQHandler
                0x000000000800dfe8                CAN2_RX0_IRQHandler
                0x000000000800dfe8                DMA2_Stream3_IRQHandler
                0x000000000800dfe8                USART6_IRQHandler
                0x000000000800dfe8                USART3_IRQHandler
                0x000000000800dfe8                CAN1_RX1_IRQHandler
                0x000000000800dfe8                UART5_IRQHandler
                0x000000000800dfe8                DMA2_Stream0_IRQHandler
                0x000000000800dfe8                TIM4_IRQHandler
                0x000000000800dfe8                I2C1_EV_IRQHandler
                0x000000000800dfe8                DMA1_Stream6_IRQHandler
                0x000000000800dfe8                DMA1_Stream1_IRQHandler
                0x000000000800dfe8                UART4_IRQHandler
                0x000000000800dfe8                TIM3_IRQHandler
                0x000000000800dfe8                RCC_IRQHandler
                0x000000000800dfe8                Default_Handler
                0x000000000800dfe8                ADC_IRQHandler
                0x000000000800dfe8                DMA1_Stream7_IRQHandler
                0x000000000800dfe8                TIM7_IRQHandler
                0x000000000800dfe8                CAN2_TX_IRQHandler
                0x000000000800dfe8                TIM5_IRQHandler
                0x000000000800dfe8                DMA2_Stream7_IRQHandler
                0x000000000800dfe8                I2C3_EV_IRQHandler
                0x000000000800dfe8                EXTI9_5_IRQHandler
                0x000000000800dfe8                RTC_WKUP_IRQHandler
                0x000000000800dfe8                SPI2_IRQHandler
                0x000000000800dfe8                OTG_HS_EP1_IN_IRQHandler
                0x000000000800dfe8                DMA1_Stream0_IRQHandler
                0x000000000800dfe8                CAN1_TX_IRQHandler
                0x000000000800dfe8                EXTI4_IRQHandler
                0x000000000800dfe8                FSMC_IRQHandler
                0x000000000800dfe8                OTG_HS_EP1_OUT_IRQHandler
                0x000000000800dfe8                WWDG_IRQHandler
                0x000000000800dfe8                OTG_FS_WKUP_IRQHandler
                0x000000000800dfe8                OTG_HS_IRQHandler
                0x000000000800dfe8                EXTI1_IRQHandler
                0x000000000800dfe8                USART2_IRQHandler
                0x000000000800dfe8                I2C2_ER_IRQHandler
                0x000000000800dfe8                DMA2_Stream1_IRQHandler
                0x000000000800dfe8                CAN1_SCE_IRQHandler
                0x000000000800dfe8                FLASH_IRQHandler
                0x000000000800dfe8                DMA2_Stream4_IRQHandler
                0x000000000800dfe8                USART1_IRQHandler
                0x000000000800dfe8                OTG_FS_IRQHandler
                0x000000000800dfe8                SPI3_IRQHandler
                0x000000000800dfe8                DMA1_Stream4_IRQHandler
                0x000000000800dfe8                I2C1_ER_IRQHandler
                0x000000000800dfe8                DMA2_Stream6_IRQHandler
                0x000000000800dfe8                DMA1_Stream3_IRQHandler
 *fill*         0x000000000800dfea        0x2 
 .text.HAL_Init
                0x000000000800dfec       0x34 Drivers/STM32F4xx_HAL_Driver/Src/stm32f4xx_hal.o
                0x000000000800dfec                HAL_Init
 .text.HAL_IncTick
                0x000000000800e020       0x18 Drivers/STM32F4xx_HAL_Driver/Src/stm32f4xx_hal.o
                0x000000000800e020                HAL_IncTick
 .text.HAL_GetTick
                0x000000000800e038        0xc Drivers/STM32F4xx_HAL_Driver/Src/stm32f4xx_hal.o
                0x000000000800e038                HAL_GetTick
 .text.HAL_ADC_Init
                0x000000000800e044      0x14c Drivers/STM32F4xx_HAL_Driver/Src/stm32f4xx_hal_adc.o
                0x000000000800e044                HAL_ADC_Init
 .text.HAL_ADC_Start
                0x000000000800e190       0xec Drivers/STM32F4xx_HAL_Driver/Src/stm32f4xx_hal_adc.o
                0x000000000800e190                HAL_ADC_Start
 .text.HAL_ADC_Stop
                0x000000000800e27c       0x3c Drivers/STM32F4xx_HAL_Driver/Src/stm32f4xx_hal_adc.o
                0x000000000800e27c                HAL_ADC_Stop
 .text.HAL_ADC_PollForConversion
                0x000000000800e2b8       0xa0 Drivers/STM32F4xx_HAL_Driver/Src/stm32f4xx_hal_adc.o
                0x000000000800e2b8                HAL_ADC_PollForConversion
 .text.HAL_ADC_GetValue
                0x000000000800e358        0x6 Drivers/STM32F4xx_HAL_Driver/Src/stm32f4xx_hal_adc.o
                0x000000000800e358                HAL_ADC_GetValue
 *fill*         0x000000000800e35e        0x2 
 .text.HAL_ADC_ConfigChannel
                0x000000000800e360      0x120 Drivers/STM32F4xx_HAL_Driver/Src/stm32f4xx_hal_adc.o
                0x000000000800e360                HAL_ADC_ConfigChannel
 .text.HAL_NVIC_SetPriorityGrouping
                0x000000000800e480       0x24 Drivers/STM32F4xx_HAL_Driver/Src/stm32f4xx_hal_cortex.o
                0x000000000800e480                HAL_NVIC_SetPriorityGrouping
 .text.HAL_NVIC_SetPriority
                0x000000000800e4a4       0x68 Drivers/STM32F4xx_HAL_Driver/Src/stm32f4xx_hal_cortex.o
                0x000000000800e4a4                HAL_NVIC_SetPriority
 .text.HAL_NVIC_EnableIRQ
                0x000000000800e50c       0x1c Drivers/STM32F4xx_HAL_Driver/Src/stm32f4xx_hal_cortex.o
                0x000000000800e50c                HAL_NVIC_EnableIRQ
 .text.HAL_GPIO_Init
                0x000000000800e528      0x1c0 Drivers/STM32F4xx_HAL_Driver/Src/stm32f4xx_hal_gpio.o
                0x000000000800e528                HAL_GPIO_Init
 .text.HAL_GPIO_ReadPin
                0x000000000800e6e8        0xc Drivers/STM32F4xx_HAL_Driver/Src/stm32f4xx_hal_gpio.o
                0x000000000800e6e8                HAL_GPIO_ReadPin
 .text.HAL_GPIO_WritePin
                0x000000000800e6f4        0xa Drivers/STM32F4xx_HAL_Driver/Src/stm32f4xx_hal_gpio.o
                0x000000000800e6f4                HAL_GPIO_WritePin
 .text.HAL_GPIO_TogglePin
                0x000000000800e6fe        0xe Drivers/STM32F4xx_HAL_Driver/Src/stm32f4xx_hal_gpio.o
                0x000000000800e6fe                HAL_GPIO_TogglePin
 .text.HAL_GPIO_EXTI_IRQHandler
                0x000000000800e70c       0x18 Drivers/STM32F4xx_HAL_Driver/Src/stm32f4xx_hal_gpio.o
                0x000000000800e70c                HAL_GPIO_EXTI_IRQHandler
 .text.HAL_RCC_OscConfig
                0x000000000800e724      0x34c Drivers/STM32F4xx_HAL_Driver/Src/stm32f4xx_hal_rcc.o
                0x000000000800e724                HAL_RCC_OscConfig
 .text.HAL_RCC_GetSysClockFreq
                0x000000000800ea70       0x5c Drivers/STM32F4xx_HAL_Driver/Src/stm32f4xx_hal_rcc.o
                0x000000000800ea70                HAL_RCC_GetSysClockFreq
 .text.HAL_RCC_ClockConfig
                0x000000000800eacc      0x134 Drivers/STM32F4xx_HAL_Driver/Src/stm32f4xx_hal_rcc.o
                0x000000000800eacc                HAL_RCC_ClockConfig
 .text.HAL_RCC_GetPCLK1Freq
                0x000000000800ec00       0x20 Drivers/STM32F4xx_HAL_Driver/Src/stm32f4xx_hal_rcc.o
                0x000000000800ec00                HAL_RCC_GetPCLK1Freq
 .text.HAL_RCC_GetPCLK2Freq
                0x000000000800ec20       0x20 Drivers/STM32F4xx_HAL_Driver/Src/stm32f4xx_hal_rcc.o
                0x000000000800ec20                HAL_RCC_GetPCLK2Freq
 .text.HAL_RCC_GetClockConfig
                0x000000000800ec40       0x3c Drivers/STM32F4xx_HAL_Driver/Src/stm32f4xx_hal_rcc.o
                0x000000000800ec40                HAL_RCC_GetClockConfig
 .text.TIM_OC1_SetConfig
                0x000000000800ec7c       0x64 Drivers/STM32F4xx_HAL_Driver/Src/stm32f4xx_hal_tim.o
 .text.TIM_OC3_SetConfig
                0x000000000800ece0       0x6c Drivers/STM32F4xx_HAL_Driver/Src/stm32f4xx_hal_tim.o
 .text.TIM_OC4_SetConfig
                0x000000000800ed4c       0x4c Drivers/STM32F4xx_HAL_Driver/Src/stm32f4xx_hal_tim.o
 .text.HAL_TIM_Base_Start_IT
                0x000000000800ed98       0x20 Drivers/STM32F4xx_HAL_Driver/Src/stm32f4xx_hal_tim.o
                0x000000000800ed98                HAL_TIM_Base_Start_IT
 .text.HAL_TIM_Base_Stop_IT
                0x000000000800edb8       0x2a Drivers/STM32F4xx_HAL_Driver/Src/stm32f4xx_hal_tim.o
                0x000000000800edb8                HAL_TIM_Base_Stop_IT
 .text.HAL_TIM_OC_DelayElapsedCallback
                0x000000000800ede2        0x2 Drivers/STM32F4xx_HAL_Driver/Src/stm32f4xx_hal_tim.o
                0x000000000800ede2                HAL_TIM_OC_DelayElapsedCallback
 .text.HAL_TIM_IC_CaptureCallback
                0x000000000800ede4        0x2 Drivers/STM32F4xx_HAL_Driver/Src/stm32f4xx_hal_tim.o
                0x000000000800ede4                HAL_TIM_IC_CaptureCallback
 .text.HAL_TIM_PWM_PulseFinishedCallback
                0x000000000800ede6        0x2 Drivers/STM32F4xx_HAL_Driver/Src/stm32f4xx_hal_tim.o
                0x000000000800ede6                HAL_TIM_PWM_PulseFinishedCallback
 .text.HAL_TIM_TriggerCallback
                0x000000000800ede8        0x2 Drivers/STM32F4xx_HAL_Driver/Src/stm32f4xx_hal_tim.o
                0x000000000800ede8                HAL_TIM_TriggerCallback
 .text.HAL_TIM_IRQHandler
                0x000000000800edea      0x144 Drivers/STM32F4xx_HAL_Driver/Src/stm32f4xx_hal_tim.o
                0x000000000800edea                HAL_TIM_IRQHandler
 *fill*         0x000000000800ef2e        0x2 
 .text.TIM_Base_SetConfig
                0x000000000800ef30       0xcc Drivers/STM32F4xx_HAL_Driver/Src/stm32f4xx_hal_tim.o
                0x000000000800ef30                TIM_Base_SetConfig
 .text.HAL_TIM_Base_Init
                0x000000000800effc       0x34 Drivers/STM32F4xx_HAL_Driver/Src/stm32f4xx_hal_tim.o
                0x000000000800effc                HAL_TIM_Base_Init
 .text.HAL_TIM_PWM_Init
                0x000000000800f030       0x34 Drivers/STM32F4xx_HAL_Driver/Src/stm32f4xx_hal_tim.o
                0x000000000800f030                HAL_TIM_PWM_Init
 .text.TIM_OC2_SetConfig
                0x000000000800f064       0x6c Drivers/STM32F4xx_HAL_Driver/Src/stm32f4xx_hal_tim.o
                0x000000000800f064                TIM_OC2_SetConfig
 .text.HAL_TIM_PWM_ConfigChannel
                0x000000000800f0d0       0xc4 Drivers/STM32F4xx_HAL_Driver/Src/stm32f4xx_hal_tim.o
                0x000000000800f0d0                HAL_TIM_PWM_ConfigChannel
 .text.TIM_ETR_SetConfig
                0x000000000800f194       0x14 Drivers/STM32F4xx_HAL_Driver/Src/stm32f4xx_hal_tim.o
                0x000000000800f194                TIM_ETR_SetConfig
 .text.HAL_TIM_ConfigClockSource
                0x000000000800f1a8      0x128 Drivers/STM32F4xx_HAL_Driver/Src/stm32f4xx_hal_tim.o
                0x000000000800f1a8                HAL_TIM_ConfigClockSource
 .text.TIM_CCxChannelCmd
                0x000000000800f2d0       0x1c Drivers/STM32F4xx_HAL_Driver/Src/stm32f4xx_hal_tim.o
                0x000000000800f2d0                TIM_CCxChannelCmd
 .text.HAL_TIM_OC_Start_IT
                0x000000000800f2ec       0x74 Drivers/STM32F4xx_HAL_Driver/Src/stm32f4xx_hal_tim.o
                0x000000000800f2ec                HAL_TIM_OC_Start_IT
 .text.HAL_TIM_PWM_Start_IT
                0x000000000800f360        0x4 Drivers/STM32F4xx_HAL_Driver/Src/stm32f4xx_hal_tim.o
                0x000000000800f360                HAL_TIM_PWM_Start_IT
 .text.HAL_TIM_OC_Stop_IT
                0x000000000800f364       0x94 Drivers/STM32F4xx_HAL_Driver/Src/stm32f4xx_hal_tim.o
                0x000000000800f364                HAL_TIM_OC_Stop_IT
 .text.HAL_TIM_PWM_Stop_IT
                0x000000000800f3f8        0x4 Drivers/STM32F4xx_HAL_Driver/Src/stm32f4xx_hal_tim.o
                0x000000000800f3f8                HAL_TIM_PWM_Stop_IT
 .text.TIM_CCxNChannelCmd
                0x000000000800f3fc       0x1c Drivers/STM32F4xx_HAL_Driver/Src/stm32f4xx_hal_tim_ex.o
 .text.HAL_TIMEx_OCN_Start_IT
                0x000000000800f418       0x56 Drivers/STM32F4xx_HAL_Driver/Src/stm32f4xx_hal_tim_ex.o
                0x000000000800f418                HAL_TIMEx_OCN_Start_IT
 .text.HAL_TIMEx_OCN_Stop_IT
                0x000000000800f46e       0x7e Drivers/STM32F4xx_HAL_Driver/Src/stm32f4xx_hal_tim_ex.o
                0x000000000800f46e                HAL_TIMEx_OCN_Stop_IT
 .text.HAL_TIMEx_PWMN_Start_IT
                0x000000000800f4ec        0x4 Drivers/STM32F4xx_HAL_Driver/Src/stm32f4xx_hal_tim_ex.o
                0x000000000800f4ec                HAL_TIMEx_PWMN_Start_IT
 .text.HAL_TIMEx_PWMN_Stop_IT
                0x000000000800f4f0        0x4 Drivers/STM32F4xx_HAL_Driver/Src/stm32f4xx_hal_tim_ex.o
                0x000000000800f4f0                HAL_TIMEx_PWMN_Stop_IT
 .text.HAL_TIMEx_MasterConfigSynchronization
                0x000000000800f4f4       0x84 Drivers/STM32F4xx_HAL_Driver/Src/stm32f4xx_hal_tim_ex.o
                0x000000000800f4f4                HAL_TIMEx_MasterConfigSynchronization
 .text.HAL_TIMEx_ConfigBreakDeadTime
                0x000000000800f578       0x4c Drivers/STM32F4xx_HAL_Driver/Src/stm32f4xx_hal_tim_ex.o
                0x000000000800f578                HAL_TIMEx_ConfigBreakDeadTime
 .text.HAL_TIMEx_CommutCallback
                0x000000000800f5c4        0x2 Drivers/STM32F4xx_HAL_Driver/Src/stm32f4xx_hal_tim_ex.o
                0x000000000800f5c4                HAL_TIMEx_CommutCallback
 .text.HAL_TIMEx_BreakCallback
                0x000000000800f5c6        0x2 Drivers/STM32F4xx_HAL_Driver/Src/stm32f4xx_hal_tim_ex.o
                0x000000000800f5c6                HAL_TIMEx_BreakCallback
 .text.UART_SetConfig
                0x000000000800f5c8       0xe0 Drivers/STM32F4xx_HAL_Driver/Src/stm32f4xx_hal_uart.o
 .text.UART_WaitOnFlagUntilTimeout.constprop.3
                0x000000000800f6a8       0x50 Drivers/STM32F4xx_HAL_Driver/Src/stm32f4xx_hal_uart.o
 .text.HAL_UART_Init
                0x000000000800f6f8       0x5c Drivers/STM32F4xx_HAL_Driver/Src/stm32f4xx_hal_uart.o
                0x000000000800f6f8                HAL_UART_Init
 .text.HAL_UART_Transmit
                0x000000000800f754       0xb8 Drivers/STM32F4xx_HAL_Driver/Src/stm32f4xx_hal_uart.o
                0x000000000800f754                HAL_UART_Transmit
 .text.osKernelInitialize
                0x000000000800f80c       0x34 Middlewares/Third_Party/FreeRTOS/Source/CMSIS_RTOS_V2/cmsis_os2.o
                0x000000000800f80c                osKernelInitialize
 .text.osKernelStart
                0x000000000800f840       0x40 Middlewares/Third_Party/FreeRTOS/Source/CMSIS_RTOS_V2/cmsis_os2.o
                0x000000000800f840                osKernelStart
 .text.osKernelGetTickCount
                0x000000000800f880       0x28 Middlewares/Third_Party/FreeRTOS/Source/CMSIS_RTOS_V2/cmsis_os2.o
                0x000000000800f880                osKernelGetTickCount
 .text.osThreadNew
                0x000000000800f8a8       0xac Middlewares/Third_Party/FreeRTOS/Source/CMSIS_RTOS_V2/cmsis_os2.o
                0x000000000800f8a8                osThreadNew
 .text.osThreadYield
                0x000000000800f954       0x3c Middlewares/Third_Party/FreeRTOS/Source/CMSIS_RTOS_V2/cmsis_os2.o
                0x000000000800f954                osThreadYield
 .text.osThreadFlagsSet
                0x000000000800f990       0x94 Middlewares/Third_Party/FreeRTOS/Source/CMSIS_RTOS_V2/cmsis_os2.o
                0x000000000800f990                osThreadFlagsSet
 .text.osThreadFlagsWait
                0x000000000800fa24       0xac Middlewares/Third_Party/FreeRTOS/Source/CMSIS_RTOS_V2/cmsis_os2.o
                0x000000000800fa24                osThreadFlagsWait
 .text.osDelayUntil
                0x000000000800fad0       0x48 Middlewares/Third_Party/FreeRTOS/Source/CMSIS_RTOS_V2/cmsis_os2.o
                0x000000000800fad0                osDelayUntil
 .text.osMutexNew
                0x000000000800fb18       0x84 Middlewares/Third_Party/FreeRTOS/Source/CMSIS_RTOS_V2/cmsis_os2.o
                0x000000000800fb18                osMutexNew
 .text.osMutexAcquire
                0x000000000800fb9c       0x60 Middlewares/Third_Party/FreeRTOS/Source/CMSIS_RTOS_V2/cmsis_os2.o
                0x000000000800fb9c                osMutexAcquire
 .text.osMutexRelease
                0x000000000800fbfc       0x54 Middlewares/Third_Party/FreeRTOS/Source/CMSIS_RTOS_V2/cmsis_os2.o
                0x000000000800fbfc                osMutexRelease
 .text.osSemaphoreNew
                0x000000000800fc50       0xac Middlewares/Third_Party/FreeRTOS/Source/CMSIS_RTOS_V2/cmsis_os2.o
                0x000000000800fc50                osSemaphoreNew
 .text.osSemaphoreAcquire
                0x000000000800fcfc       0x78 Middlewares/Third_Party/FreeRTOS/Source/CMSIS_RTOS_V2/cmsis_os2.o
                0x000000000800fcfc                osSemaphoreAcquire
 .text.osSemaphoreRelease
                0x000000000800fd74       0x70 Middlewares/Third_Party/FreeRTOS/Source/CMSIS_RTOS_V2/cmsis_os2.o
                0x000000000800fd74                osSemaphoreRelease
 .text.vApplicationGetIdleTaskMemory
                0x000000000800fde4       0x18 Middlewares/Third_Party/FreeRTOS/Source/CMSIS_RTOS_V2/cmsis_os2.o
                0x000000000800fde4                vApplicationGetIdleTaskMemory
 .text.vApplicationGetTimerTaskMemory
                0x000000000800fdfc       0x18 Middlewares/Third_Party/FreeRTOS/Source/CMSIS_RTOS_V2/cmsis_os2.o
                0x000000000800fdfc                vApplicationGetTimerTaskMemory
 .text.vListInitialise
                0x000000000800fe14       0x16 Middlewares/Third_Party/FreeRTOS/Source/list.o
                0x000000000800fe14                vListInitialise
 .text.vListInitialiseItem
                0x000000000800fe2a        0x6 Middlewares/Third_Party/FreeRTOS/Source/list.o
                0x000000000800fe2a                vListInitialiseItem
 .text.vListInsertEnd
                0x000000000800fe30       0x18 Middlewares/Third_Party/FreeRTOS/Source/list.o
                0x000000000800fe30                vListInsertEnd
 .text.vListInsert
                0x000000000800fe48       0x2e Middlewares/Third_Party/FreeRTOS/Source/list.o
                0x000000000800fe48                vListInsert
 .text.uxListRemove
                0x000000000800fe76       0x22 Middlewares/Third_Party/FreeRTOS/Source/list.o
                0x000000000800fe76                uxListRemove
 .text.prvIsQueueEmpty
                0x000000000800fe98       0x16 Middlewares/Third_Party/FreeRTOS/Source/queue.o
 .text.prvCopyDataToQueue
                0x000000000800feae       0x66 Middlewares/Third_Party/FreeRTOS/Source/queue.o
 .text.prvCopyDataFromQueue
                0x000000000800ff14       0x2a Middlewares/Third_Party/FreeRTOS/Source/queue.o
 .text.prvUnlockQueue
                0x000000000800ff3e       0x70 Middlewares/Third_Party/FreeRTOS/Source/queue.o
 *fill*         0x000000000800ffae        0x2 
 .text.xQueueGenericReset
                0x000000000800ffb0       0x80 Middlewares/Third_Party/FreeRTOS/Source/queue.o
                0x000000000800ffb0                xQueueGenericReset
 .text.xQueueGenericCreateStatic
                0x0000000008010030       0x9c Middlewares/Third_Party/FreeRTOS/Source/queue.o
                0x0000000008010030                xQueueGenericCreateStatic
 .text.xQueueGenericCreate
                0x00000000080100cc       0x4e Middlewares/Third_Party/FreeRTOS/Source/queue.o
                0x00000000080100cc                xQueueGenericCreate
 .text.xQueueCreateCountingSemaphoreStatic
                0x000000000801011a       0x44 Middlewares/Third_Party/FreeRTOS/Source/queue.o
                0x000000000801011a                xQueueCreateCountingSemaphoreStatic
 .text.xQueueCreateCountingSemaphore
                0x000000000801015e       0x3c Middlewares/Third_Party/FreeRTOS/Source/queue.o
                0x000000000801015e                xQueueCreateCountingSemaphore
 *fill*         0x000000000801019a        0x2 
 .text.xQueueGenericSend
                0x000000000801019c      0x164 Middlewares/Third_Party/FreeRTOS/Source/queue.o
                0x000000000801019c                xQueueGenericSend
 .text.xQueueCreateMutexStatic
                0x0000000008010300       0x2a Middlewares/Third_Party/FreeRTOS/Source/queue.o
                0x0000000008010300                xQueueCreateMutexStatic
 .text.xQueueGiveMutexRecursive
                0x000000000801032a       0x3c Middlewares/Third_Party/FreeRTOS/Source/queue.o
                0x000000000801032a                xQueueGiveMutexRecursive
 .text.xQueueCreateMutex
                0x0000000008010366       0x24 Middlewares/Third_Party/FreeRTOS/Source/queue.o
                0x0000000008010366                xQueueCreateMutex
 .text.xQueueGenericSendFromISR
                0x000000000801038a       0xc2 Middlewares/Third_Party/FreeRTOS/Source/queue.o
                0x000000000801038a                xQueueGenericSendFromISR
 .text.xQueueGiveFromISR
                0x000000000801044c       0xa8 Middlewares/Third_Party/FreeRTOS/Source/queue.o
                0x000000000801044c                xQueueGiveFromISR
 .text.xQueueReceive
                0x00000000080104f4      0x140 Middlewares/Third_Party/FreeRTOS/Source/queue.o
                0x00000000080104f4                xQueueReceive
 .text.xQueueSemaphoreTake
                0x0000000008010634      0x184 Middlewares/Third_Party/FreeRTOS/Source/queue.o
                0x0000000008010634                xQueueSemaphoreTake
 .text.xQueueTakeMutexRecursive
                0x00000000080107b8       0x42 Middlewares/Third_Party/FreeRTOS/Source/queue.o
                0x00000000080107b8                xQueueTakeMutexRecursive
 .text.xQueueReceiveFromISR
                0x00000000080107fa       0x9e Middlewares/Third_Party/FreeRTOS/Source/queue.o
                0x00000000080107fa                xQueueReceiveFromISR
 .text.vQueueAddToRegistry
                0x0000000008010898       0x24 Middlewares/Third_Party/FreeRTOS/Source/queue.o
                0x0000000008010898                vQueueAddToRegistry
 .text.vQueueUnregisterQueue
                0x00000000080108bc       0x28 Middlewares/Third_Party/FreeRTOS/Source/queue.o
                0x00000000080108bc                vQueueUnregisterQueue
 .text.vQueueDelete
                0x00000000080108e4       0x2e Middlewares/Third_Party/FreeRTOS/Source/queue.o
                0x00000000080108e4                vQueueDelete
 .text.vQueueWaitForMessageRestricted
                0x0000000008010912       0x46 Middlewares/Third_Party/FreeRTOS/Source/queue.o
                0x0000000008010912                vQueueWaitForMessageRestricted
 .text.prvAddNewTaskToReadyList
                0x0000000008010958      0x100 Middlewares/Third_Party/FreeRTOS/Source/tasks.o
 .text.prvDeleteTCB
                0x0000000008010a58       0x36 Middlewares/Third_Party/FreeRTOS/Source/tasks.o
 *fill*         0x0000000008010a8e        0x2 
 .text.prvIdleTask
                0x0000000008010a90       0x64 Middlewares/Third_Party/FreeRTOS/Source/tasks.o
 .text.prvResetNextTaskUnblockTime
                0x0000000008010af4       0x24 Middlewares/Third_Party/FreeRTOS/Source/tasks.o
 .text.prvInitialiseNewTask.isra.2
                0x0000000008010b18       0x96 Middlewares/Third_Party/FreeRTOS/Source/tasks.o
 *fill*         0x0000000008010bae        0x2 
 .text.prvAddCurrentTaskToDelayedList
                0x0000000008010bb0       0x74 Middlewares/Third_Party/FreeRTOS/Source/tasks.o
 .text.xTaskCreateStatic
                0x0000000008010c24       0x70 Middlewares/Third_Party/FreeRTOS/Source/tasks.o
                0x0000000008010c24                xTaskCreateStatic
 .text.xTaskCreate
                0x0000000008010c94       0x5a Middlewares/Third_Party/FreeRTOS/Source/tasks.o
                0x0000000008010c94                xTaskCreate
 *fill*         0x0000000008010cee        0x2 
 .text.vTaskStartScheduler
                0x0000000008010cf0       0x88 Middlewares/Third_Party/FreeRTOS/Source/tasks.o
                0x0000000008010cf0                vTaskStartScheduler
 .text.vTaskSuspendAll
                0x0000000008010d78       0x10 Middlewares/Third_Party/FreeRTOS/Source/tasks.o
                0x0000000008010d78                vTaskSuspendAll
 .text.xTaskGetTickCount
                0x0000000008010d88        0xc Middlewares/Third_Party/FreeRTOS/Source/tasks.o
                0x0000000008010d88                xTaskGetTickCount
 .text.xTaskGetTickCountFromISR
                0x0000000008010d94       0x10 Middlewares/Third_Party/FreeRTOS/Source/tasks.o
                0x0000000008010d94                xTaskGetTickCountFromISR
 .text.xTaskIncrementTick
                0x0000000008010da4      0x120 Middlewares/Third_Party/FreeRTOS/Source/tasks.o
                0x0000000008010da4                xTaskIncrementTick
 .text.xTaskResumeAll
                0x0000000008010ec4       0xe8 Middlewares/Third_Party/FreeRTOS/Source/tasks.o
                0x0000000008010ec4                xTaskResumeAll
 .text.vTaskDelayUntil
                0x0000000008010fac       0x90 Middlewares/Third_Party/FreeRTOS/Source/tasks.o
                0x0000000008010fac                vTaskDelayUntil
 .text.vTaskSwitchContext
                0x000000000801103c       0x78 Middlewares/Third_Party/FreeRTOS/Source/tasks.o
                0x000000000801103c                vTaskSwitchContext
 .text.vTaskPlaceOnEventList
                0x00000000080110b4       0x34 Middlewares/Third_Party/FreeRTOS/Source/tasks.o
                0x00000000080110b4                vTaskPlaceOnEventList
 .text.vTaskPlaceOnEventListRestricted
                0x00000000080110e8       0x3c Middlewares/Third_Party/FreeRTOS/Source/tasks.o
                0x00000000080110e8                vTaskPlaceOnEventListRestricted
 .text.xTaskRemoveFromEventList
                0x0000000008011124       0x80 Middlewares/Third_Party/FreeRTOS/Source/tasks.o
                0x0000000008011124                xTaskRemoveFromEventList
 .text.vTaskInternalSetTimeOutState
                0x00000000080111a4       0x18 Middlewares/Third_Party/FreeRTOS/Source/tasks.o
                0x00000000080111a4                vTaskInternalSetTimeOutState
 .text.xTaskCheckForTimeOut
                0x00000000080111bc       0x78 Middlewares/Third_Party/FreeRTOS/Source/tasks.o
                0x00000000080111bc                xTaskCheckForTimeOut
 .text.vTaskMissedYield
                0x0000000008011234        0xc Middlewares/Third_Party/FreeRTOS/Source/tasks.o
                0x0000000008011234                vTaskMissedYield
 .text.xTaskGetCurrentTaskHandle
                0x0000000008011240        0xc Middlewares/Third_Party/FreeRTOS/Source/tasks.o
                0x0000000008011240                xTaskGetCurrentTaskHandle
 .text.xTaskGetSchedulerState
                0x000000000801124c       0x20 Middlewares/Third_Party/FreeRTOS/Source/tasks.o
                0x000000000801124c                xTaskGetSchedulerState
 .text.xTaskPriorityInherit
                0x000000000801126c       0x80 Middlewares/Third_Party/FreeRTOS/Source/tasks.o
                0x000000000801126c                xTaskPriorityInherit
 .text.xTaskPriorityDisinherit
                0x00000000080112ec       0x84 Middlewares/Third_Party/FreeRTOS/Source/tasks.o
                0x00000000080112ec                xTaskPriorityDisinherit
 .text.vTaskPriorityDisinheritAfterTimeout
                0x0000000008011370       0x9c Middlewares/Third_Party/FreeRTOS/Source/tasks.o
                0x0000000008011370                vTaskPriorityDisinheritAfterTimeout
 .text.pvTaskIncrementMutexHeldCount
                0x000000000801140c       0x18 Middlewares/Third_Party/FreeRTOS/Source/tasks.o
                0x000000000801140c                pvTaskIncrementMutexHeldCount
 .text.xTaskNotifyWait
                0x0000000008011424       0x8c Middlewares/Third_Party/FreeRTOS/Source/tasks.o
                0x0000000008011424                xTaskNotifyWait
 .text.xTaskGenericNotify
                0x00000000080114b0       0xe4 Middlewares/Third_Party/FreeRTOS/Source/tasks.o
                0x00000000080114b0                xTaskGenericNotify
 .text.xTaskGenericNotifyFromISR
                0x0000000008011594      0x114 Middlewares/Third_Party/FreeRTOS/Source/tasks.o
                0x0000000008011594                xTaskGenericNotifyFromISR
 .text.prvCheckForValidListAndQueue
                0x00000000080116a8       0x68 Middlewares/Third_Party/FreeRTOS/Source/timers.o
 .text.prvInsertTimerInActiveList
                0x0000000008011710       0x3c Middlewares/Third_Party/FreeRTOS/Source/timers.o
 .text.xTimerCreateTimerTask
                0x000000000801174c       0x64 Middlewares/Third_Party/FreeRTOS/Source/timers.o
                0x000000000801174c                xTimerCreateTimerTask
 .text.xTimerGenericCommand
                0x00000000080117b0       0x58 Middlewares/Third_Party/FreeRTOS/Source/timers.o
                0x00000000080117b0                xTimerGenericCommand
 .text.prvSwitchTimerLists
                0x0000000008011808       0x80 Middlewares/Third_Party/FreeRTOS/Source/timers.o
 .text.prvTimerTask
                0x0000000008011888      0x220 Middlewares/Third_Party/FreeRTOS/Source/timers.o
 .text.prvTaskExitError
                0x0000000008011aa8       0x40 Middlewares/Third_Party/FreeRTOS/Source/portable/GCC/ARM_CM4F/port.o
 .text.unlikely.prvPortStartFirstTask
                0x0000000008011ae8       0x28 Middlewares/Third_Party/FreeRTOS/Source/portable/GCC/ARM_CM4F/port.o
 .text.unlikely.vPortEnableVFP
                0x0000000008011b10       0x14 Middlewares/Third_Party/FreeRTOS/Source/portable/GCC/ARM_CM4F/port.o
 .text.pxPortInitialiseStack
                0x0000000008011b24       0x2c Middlewares/Third_Party/FreeRTOS/Source/portable/GCC/ARM_CM4F/port.o
                0x0000000008011b24                pxPortInitialiseStack
 .text.SVC_Handler
                0x0000000008011b50       0x24 Middlewares/Third_Party/FreeRTOS/Source/portable/GCC/ARM_CM4F/port.o
                0x0000000008011b50                SVC_Handler
 .text.vPortEnterCritical
                0x0000000008011b74       0x44 Middlewares/Third_Party/FreeRTOS/Source/portable/GCC/ARM_CM4F/port.o
                0x0000000008011b74                vPortEnterCritical
 .text.vPortExitCritical
                0x0000000008011bb8       0x28 Middlewares/Third_Party/FreeRTOS/Source/portable/GCC/ARM_CM4F/port.o
                0x0000000008011bb8                vPortExitCritical
 .text.PendSV_Handler
                0x0000000008011be0       0x64 Middlewares/Third_Party/FreeRTOS/Source/portable/GCC/ARM_CM4F/port.o
                0x0000000008011be0                PendSV_Handler
 .text.SysTick_Handler
                0x0000000008011c44       0x2c Middlewares/Third_Party/FreeRTOS/Source/portable/GCC/ARM_CM4F/port.o
                0x0000000008011c44                SysTick_Handler
 .text.vPortSetupTimerInterrupt
                0x0000000008011c70       0x34 Middlewares/Third_Party/FreeRTOS/Source/portable/GCC/ARM_CM4F/port.o
                0x0000000008011c70                vPortSetupTimerInterrupt
 .text.xPortStartScheduler
                0x0000000008011ca4      0x10c Middlewares/Third_Party/FreeRTOS/Source/portable/GCC/ARM_CM4F/port.o
                0x0000000008011ca4                xPortStartScheduler
 .text.vPortValidateInterruptPriority
                0x0000000008011db0       0x5c Middlewares/Third_Party/FreeRTOS/Source/portable/GCC/ARM_CM4F/port.o
                0x0000000008011db0                vPortValidateInterruptPriority
 .text.unlikely.prvInsertBlockIntoFreeList
                0x0000000008011e0c       0x48 Middlewares/Third_Party/FreeRTOS/Source/portable/MemMang/heap_4.o
 .text.pvPortMalloc
                0x0000000008011e54      0x118 Middlewares/Third_Party/FreeRTOS/Source/portable/MemMang/heap_4.o
                0x0000000008011e54                pvPortMalloc
 .text.vPortFree
                0x0000000008011f6c       0x70 Middlewares/Third_Party/FreeRTOS/Source/portable/MemMang/heap_4.o
                0x0000000008011f6c                vPortFree
 .text.__errno  0x0000000008011fdc        0xc c:/st/stm32cubeide_1.3.0/stm32cubeide/plugins/com.st.stm32cube.ide.mcu.externaltools.gnu-tools-for-stm32.7-2018-q2-update.win32_1.4.0.202007081208/tools/bin/../lib/gcc/arm-none-eabi/7.3.1/../../../../arm-none-eabi/lib/thumb/v7e-m/fpv4-sp/softfp\libc_nano.a(lib_a-errno.o)
                0x0000000008011fdc                __errno
 .text.__libc_init_array
                0x0000000008011fe8       0x48 c:/st/stm32cubeide_1.3.0/stm32cubeide/plugins/com.st.stm32cube.ide.mcu.externaltools.gnu-tools-for-stm32.7-2018-q2-update.win32_1.4.0.202007081208/tools/bin/../lib/gcc/arm-none-eabi/7.3.1/../../../../arm-none-eabi/lib/thumb/v7e-m/fpv4-sp/softfp\libc_nano.a(lib_a-init.o)
                0x0000000008011fe8                __libc_init_array
 .text.memcpy   0x0000000008012030       0x16 c:/st/stm32cubeide_1.3.0/stm32cubeide/plugins/com.st.stm32cube.ide.mcu.externaltools.gnu-tools-for-stm32.7-2018-q2-update.win32_1.4.0.202007081208/tools/bin/../lib/gcc/arm-none-eabi/7.3.1/../../../../arm-none-eabi/lib/thumb/v7e-m/fpv4-sp/softfp\libc_nano.a(lib_a-memcpy-stub.o)
                0x0000000008012030                memcpy
 .text.memset   0x0000000008012046       0x10 c:/st/stm32cubeide_1.3.0/stm32cubeide/plugins/com.st.stm32cube.ide.mcu.externaltools.gnu-tools-for-stm32.7-2018-q2-update.win32_1.4.0.202007081208/tools/bin/../lib/gcc/arm-none-eabi/7.3.1/../../../../arm-none-eabi/lib/thumb/v7e-m/fpv4-sp/softfp\libc_nano.a(lib_a-memset.o)
                0x0000000008012046                memset
 .text.__cvt    0x0000000008012056       0xbc c:/st/stm32cubeide_1.3.0/stm32cubeide/plugins/com.st.stm32cube.ide.mcu.externaltools.gnu-tools-for-stm32.7-2018-q2-update.win32_1.4.0.202007081208/tools/bin/../lib/gcc/arm-none-eabi/7.3.1/../../../../arm-none-eabi/lib/thumb/v7e-m/fpv4-sp/softfp\libc_nano.a(lib_a-nano-vfprintf_float.o)
                0x0000000008012056                __cvt
 .text.__exponent
                0x0000000008012112       0x66 c:/st/stm32cubeide_1.3.0/stm32cubeide/plugins/com.st.stm32cube.ide.mcu.externaltools.gnu-tools-for-stm32.7-2018-q2-update.win32_1.4.0.202007081208/tools/bin/../lib/gcc/arm-none-eabi/7.3.1/../../../../arm-none-eabi/lib/thumb/v7e-m/fpv4-sp/softfp\libc_nano.a(lib_a-nano-vfprintf_float.o)
                0x0000000008012112                __exponent
 .text._printf_float
                0x0000000008012178      0x48c c:/st/stm32cubeide_1.3.0/stm32cubeide/plugins/com.st.stm32cube.ide.mcu.externaltools.gnu-tools-for-stm32.7-2018-q2-update.win32_1.4.0.202007081208/tools/bin/../lib/gcc/arm-none-eabi/7.3.1/../../../../arm-none-eabi/lib/thumb/v7e-m/fpv4-sp/softfp\libc_nano.a(lib_a-nano-vfprintf_float.o)
                0x0000000008012178                _printf_float
 .text._printf_common
                0x0000000008012604       0xea c:/st/stm32cubeide_1.3.0/stm32cubeide/plugins/com.st.stm32cube.ide.mcu.externaltools.gnu-tools-for-stm32.7-2018-q2-update.win32_1.4.0.202007081208/tools/bin/../lib/gcc/arm-none-eabi/7.3.1/../../../../arm-none-eabi/lib/thumb/v7e-m/fpv4-sp/softfp\libc_nano.a(lib_a-nano-vfprintf_i.o)
                0x0000000008012604                _printf_common
 *fill*         0x00000000080126ee        0x2 
 .text._printf_i
                0x00000000080126f0      0x224 c:/st/stm32cubeide_1.3.0/stm32cubeide/plugins/com.st.stm32cube.ide.mcu.externaltools.gnu-tools-for-stm32.7-2018-q2-update.win32_1.4.0.202007081208/tools/bin/../lib/gcc/arm-none-eabi/7.3.1/../../../../arm-none-eabi/lib/thumb/v7e-m/fpv4-sp/softfp\libc_nano.a(lib_a-nano-vfprintf_i.o)
                0x00000000080126f0                _printf_i
 .text.printf   0x0000000008012914       0x30 c:/st/stm32cubeide_1.3.0/stm32cubeide/plugins/com.st.stm32cube.ide.mcu.externaltools.gnu-tools-for-stm32.7-2018-q2-update.win32_1.4.0.202007081208/tools/bin/../lib/gcc/arm-none-eabi/7.3.1/../../../../arm-none-eabi/lib/thumb/v7e-m/fpv4-sp/softfp\libc_nano.a(lib_a-printf.o)
                0x0000000008012914                iprintf
                0x0000000008012914                printf
 .text.putchar  0x0000000008012944       0x28 c:/st/stm32cubeide_1.3.0/stm32cubeide/plugins/com.st.stm32cube.ide.mcu.externaltools.gnu-tools-for-stm32.7-2018-q2-update.win32_1.4.0.202007081208/tools/bin/../lib/gcc/arm-none-eabi/7.3.1/../../../../arm-none-eabi/lib/thumb/v7e-m/fpv4-sp/softfp\libc_nano.a(lib_a-putchar.o)
                0x0000000008012944                putchar
 .text._puts_r  0x000000000801296c       0xb8 c:/st/stm32cubeide_1.3.0/stm32cubeide/plugins/com.st.stm32cube.ide.mcu.externaltools.gnu-tools-for-stm32.7-2018-q2-update.win32_1.4.0.202007081208/tools/bin/../lib/gcc/arm-none-eabi/7.3.1/../../../../arm-none-eabi/lib/thumb/v7e-m/fpv4-sp/softfp\libc_nano.a(lib_a-puts.o)
                0x000000000801296c                _puts_r
 .text.puts     0x0000000008012a24       0x10 c:/st/stm32cubeide_1.3.0/stm32cubeide/plugins/com.st.stm32cube.ide.mcu.externaltools.gnu-tools-for-stm32.7-2018-q2-update.win32_1.4.0.202007081208/tools/bin/../lib/gcc/arm-none-eabi/7.3.1/../../../../arm-none-eabi/lib/thumb/v7e-m/fpv4-sp/softfp\libc_nano.a(lib_a-puts.o)
                0x0000000008012a24                puts
 .text.setbuf   0x0000000008012a34       0x10 c:/st/stm32cubeide_1.3.0/stm32cubeide/plugins/com.st.stm32cube.ide.mcu.externaltools.gnu-tools-for-stm32.7-2018-q2-update.win32_1.4.0.202007081208/tools/bin/../lib/gcc/arm-none-eabi/7.3.1/../../../../arm-none-eabi/lib/thumb/v7e-m/fpv4-sp/softfp\libc_nano.a(lib_a-setbuf.o)
                0x0000000008012a34                setbuf
 .text.setvbuf  0x0000000008012a44      0x15c c:/st/stm32cubeide_1.3.0/stm32cubeide/plugins/com.st.stm32cube.ide.mcu.externaltools.gnu-tools-for-stm32.7-2018-q2-update.win32_1.4.0.202007081208/tools/bin/../lib/gcc/arm-none-eabi/7.3.1/../../../../arm-none-eabi/lib/thumb/v7e-m/fpv4-sp/softfp\libc_nano.a(lib_a-setvbuf.o)
                0x0000000008012a44                setvbuf
 .text.__swbuf_r
                0x0000000008012ba0       0xa4 c:/st/stm32cubeide_1.3.0/stm32cubeide/plugins/com.st.stm32cube.ide.mcu.externaltools.gnu-tools-for-stm32.7-2018-q2-update.win32_1.4.0.202007081208/tools/bin/../lib/gcc/arm-none-eabi/7.3.1/../../../../arm-none-eabi/lib/thumb/v7e-m/fpv4-sp/softfp\libc_nano.a(lib_a-wbuf.o)
                0x0000000008012ba0                __swbuf_r
 .text.__swsetup_r
                0x0000000008012c44       0xdc c:/st/stm32cubeide_1.3.0/stm32cubeide/plugins/com.st.stm32cube.ide.mcu.externaltools.gnu-tools-for-stm32.7-2018-q2-update.win32_1.4.0.202007081208/tools/bin/../lib/gcc/arm-none-eabi/7.3.1/../../../../arm-none-eabi/lib/thumb/v7e-m/fpv4-sp/softfp\libc_nano.a(lib_a-wsetup.o)
                0x0000000008012c44                __swsetup_r
 .text.quorem   0x0000000008012d20      0x118 c:/st/stm32cubeide_1.3.0/stm32cubeide/plugins/com.st.stm32cube.ide.mcu.externaltools.gnu-tools-for-stm32.7-2018-q2-update.win32_1.4.0.202007081208/tools/bin/../lib/gcc/arm-none-eabi/7.3.1/../../../../arm-none-eabi/lib/thumb/v7e-m/fpv4-sp/softfp\libc_nano.a(lib_a-dtoa.o)
 .text._dtoa_r  0x0000000008012e38      0xb7c c:/st/stm32cubeide_1.3.0/stm32cubeide/plugins/com.st.stm32cube.ide.mcu.externaltools.gnu-tools-for-stm32.7-2018-q2-update.win32_1.4.0.202007081208/tools/bin/../lib/gcc/arm-none-eabi/7.3.1/../../../../arm-none-eabi/lib/thumb/v7e-m/fpv4-sp/softfp\libc_nano.a(lib_a-dtoa.o)
                0x0000000008012e38                _dtoa_r
 .text.__sflush_r
                0x00000000080139b4      0x10c c:/st/stm32cubeide_1.3.0/stm32cubeide/plugins/com.st.stm32cube.ide.mcu.externaltools.gnu-tools-for-stm32.7-2018-q2-update.win32_1.4.0.202007081208/tools/bin/../lib/gcc/arm-none-eabi/7.3.1/../../../../arm-none-eabi/lib/thumb/v7e-m/fpv4-sp/softfp\libc_nano.a(lib_a-fflush.o)
                0x00000000080139b4                __sflush_r
 .text._fflush_r
                0x0000000008013ac0       0x54 c:/st/stm32cubeide_1.3.0/stm32cubeide/plugins/com.st.stm32cube.ide.mcu.externaltools.gnu-tools-for-stm32.7-2018-q2-update.win32_1.4.0.202007081208/tools/bin/../lib/gcc/arm-none-eabi/7.3.1/../../../../arm-none-eabi/lib/thumb/v7e-m/fpv4-sp/softfp\libc_nano.a(lib_a-fflush.o)
                0x0000000008013ac0                _fflush_r
 .text.std      0x0000000008013b14       0x48 c:/st/stm32cubeide_1.3.0/stm32cubeide/plugins/com.st.stm32cube.ide.mcu.externaltools.gnu-tools-for-stm32.7-2018-q2-update.win32_1.4.0.202007081208/tools/bin/../lib/gcc/arm-none-eabi/7.3.1/../../../../arm-none-eabi/lib/thumb/v7e-m/fpv4-sp/softfp\libc_nano.a(lib_a-findfp.o)
 .text._cleanup_r
                0x0000000008013b5c        0xc c:/st/stm32cubeide_1.3.0/stm32cubeide/plugins/com.st.stm32cube.ide.mcu.externaltools.gnu-tools-for-stm32.7-2018-q2-update.win32_1.4.0.202007081208/tools/bin/../lib/gcc/arm-none-eabi/7.3.1/../../../../arm-none-eabi/lib/thumb/v7e-m/fpv4-sp/softfp\libc_nano.a(lib_a-findfp.o)
                0x0000000008013b5c                _cleanup_r
 .text.__sfmoreglue
                0x0000000008013b68       0x2c c:/st/stm32cubeide_1.3.0/stm32cubeide/plugins/com.st.stm32cube.ide.mcu.externaltools.gnu-tools-for-stm32.7-2018-q2-update.win32_1.4.0.202007081208/tools/bin/../lib/gcc/arm-none-eabi/7.3.1/../../../../arm-none-eabi/lib/thumb/v7e-m/fpv4-sp/softfp\libc_nano.a(lib_a-findfp.o)
                0x0000000008013b68                __sfmoreglue
 .text.__sinit  0x0000000008013b94       0x60 c:/st/stm32cubeide_1.3.0/stm32cubeide/plugins/com.st.stm32cube.ide.mcu.externaltools.gnu-tools-for-stm32.7-2018-q2-update.win32_1.4.0.202007081208/tools/bin/../lib/gcc/arm-none-eabi/7.3.1/../../../../arm-none-eabi/lib/thumb/v7e-m/fpv4-sp/softfp\libc_nano.a(lib_a-findfp.o)
                0x0000000008013b94                __sinit
 .text.__sfp    0x0000000008013bf4       0x78 c:/st/stm32cubeide_1.3.0/stm32cubeide/plugins/com.st.stm32cube.ide.mcu.externaltools.gnu-tools-for-stm32.7-2018-q2-update.win32_1.4.0.202007081208/tools/bin/../lib/gcc/arm-none-eabi/7.3.1/../../../../arm-none-eabi/lib/thumb/v7e-m/fpv4-sp/softfp\libc_nano.a(lib_a-findfp.o)
                0x0000000008013bf4                __sfp
 .text._fwalk_reent
                0x0000000008013c6c       0x3c c:/st/stm32cubeide_1.3.0/stm32cubeide/plugins/com.st.stm32cube.ide.mcu.externaltools.gnu-tools-for-stm32.7-2018-q2-update.win32_1.4.0.202007081208/tools/bin/../lib/gcc/arm-none-eabi/7.3.1/../../../../arm-none-eabi/lib/thumb/v7e-m/fpv4-sp/softfp\libc_nano.a(lib_a-fwalk.o)
                0x0000000008013c6c                _fwalk_reent
 .text._localeconv_r
                0x0000000008013ca8       0x1c c:/st/stm32cubeide_1.3.0/stm32cubeide/plugins/com.st.stm32cube.ide.mcu.externaltools.gnu-tools-for-stm32.7-2018-q2-update.win32_1.4.0.202007081208/tools/bin/../lib/gcc/arm-none-eabi/7.3.1/../../../../arm-none-eabi/lib/thumb/v7e-m/fpv4-sp/softfp\libc_nano.a(lib_a-localeconv.o)
                0x0000000008013ca8                _localeconv_r
 .text.__swhatbuf_r
                0x0000000008013cc4       0x48 c:/st/stm32cubeide_1.3.0/stm32cubeide/plugins/com.st.stm32cube.ide.mcu.externaltools.gnu-tools-for-stm32.7-2018-q2-update.win32_1.4.0.202007081208/tools/bin/../lib/gcc/arm-none-eabi/7.3.1/../../../../arm-none-eabi/lib/thumb/v7e-m/fpv4-sp/softfp\libc_nano.a(lib_a-makebuf.o)
                0x0000000008013cc4                __swhatbuf_r
 .text.__smakebuf_r
                0x0000000008013d0c       0x80 c:/st/stm32cubeide_1.3.0/stm32cubeide/plugins/com.st.stm32cube.ide.mcu.externaltools.gnu-tools-for-stm32.7-2018-q2-update.win32_1.4.0.202007081208/tools/bin/../lib/gcc/arm-none-eabi/7.3.1/../../../../arm-none-eabi/lib/thumb/v7e-m/fpv4-sp/softfp\libc_nano.a(lib_a-makebuf.o)
                0x0000000008013d0c                __smakebuf_r
 .text.malloc   0x0000000008013d8c       0x10 c:/st/stm32cubeide_1.3.0/stm32cubeide/plugins/com.st.stm32cube.ide.mcu.externaltools.gnu-tools-for-stm32.7-2018-q2-update.win32_1.4.0.202007081208/tools/bin/../lib/gcc/arm-none-eabi/7.3.1/../../../../arm-none-eabi/lib/thumb/v7e-m/fpv4-sp/softfp\libc_nano.a(lib_a-malloc.o)
                0x0000000008013d8c                malloc
 .text._Balloc  0x0000000008013d9c       0x68 c:/st/stm32cubeide_1.3.0/stm32cubeide/plugins/com.st.stm32cube.ide.mcu.externaltools.gnu-tools-for-stm32.7-2018-q2-update.win32_1.4.0.202007081208/tools/bin/../lib/gcc/arm-none-eabi/7.3.1/../../../../arm-none-eabi/lib/thumb/v7e-m/fpv4-sp/softfp\libc_nano.a(lib_a-mprec.o)
                0x0000000008013d9c                _Balloc
 .text._Bfree   0x0000000008013e04       0x2e c:/st/stm32cubeide_1.3.0/stm32cubeide/plugins/com.st.stm32cube.ide.mcu.externaltools.gnu-tools-for-stm32.7-2018-q2-update.win32_1.4.0.202007081208/tools/bin/../lib/gcc/arm-none-eabi/7.3.1/../../../../arm-none-eabi/lib/thumb/v7e-m/fpv4-sp/softfp\libc_nano.a(lib_a-mprec.o)
                0x0000000008013e04                _Bfree
 .text.__multadd
                0x0000000008013e32       0x76 c:/st/stm32cubeide_1.3.0/stm32cubeide/plugins/com.st.stm32cube.ide.mcu.externaltools.gnu-tools-for-stm32.7-2018-q2-update.win32_1.4.0.202007081208/tools/bin/../lib/gcc/arm-none-eabi/7.3.1/../../../../arm-none-eabi/lib/thumb/v7e-m/fpv4-sp/softfp\libc_nano.a(lib_a-mprec.o)
                0x0000000008013e32                __multadd
 .text.__hi0bits
                0x0000000008013ea8       0x3e c:/st/stm32cubeide_1.3.0/stm32cubeide/plugins/com.st.stm32cube.ide.mcu.externaltools.gnu-tools-for-stm32.7-2018-q2-update.win32_1.4.0.202007081208/tools/bin/../lib/gcc/arm-none-eabi/7.3.1/../../../../arm-none-eabi/lib/thumb/v7e-m/fpv4-sp/softfp\libc_nano.a(lib_a-mprec.o)
                0x0000000008013ea8                __hi0bits
 .text.__lo0bits
                0x0000000008013ee6       0x5e c:/st/stm32cubeide_1.3.0/stm32cubeide/plugins/com.st.stm32cube.ide.mcu.externaltools.gnu-tools-for-stm32.7-2018-q2-update.win32_1.4.0.202007081208/tools/bin/../lib/gcc/arm-none-eabi/7.3.1/../../../../arm-none-eabi/lib/thumb/v7e-m/fpv4-sp/softfp\libc_nano.a(lib_a-mprec.o)
                0x0000000008013ee6                __lo0bits
 .text.__i2b    0x0000000008013f44       0x12 c:/st/stm32cubeide_1.3.0/stm32cubeide/plugins/com.st.stm32cube.ide.mcu.externaltools.gnu-tools-for-stm32.7-2018-q2-update.win32_1.4.0.202007081208/tools/bin/../lib/gcc/arm-none-eabi/7.3.1/../../../../arm-none-eabi/lib/thumb/v7e-m/fpv4-sp/softfp\libc_nano.a(lib_a-mprec.o)
                0x0000000008013f44                __i2b
 .text.__multiply
                0x0000000008013f56      0x12c c:/st/stm32cubeide_1.3.0/stm32cubeide/plugins/com.st.stm32cube.ide.mcu.externaltools.gnu-tools-for-stm32.7-2018-q2-update.win32_1.4.0.202007081208/tools/bin/../lib/gcc/arm-none-eabi/7.3.1/../../../../arm-none-eabi/lib/thumb/v7e-m/fpv4-sp/softfp\libc_nano.a(lib_a-mprec.o)
                0x0000000008013f56                __multiply
 *fill*         0x0000000008014082        0x2 
 .text.__pow5mult
                0x0000000008014084       0x9c c:/st/stm32cubeide_1.3.0/stm32cubeide/plugins/com.st.stm32cube.ide.mcu.externaltools.gnu-tools-for-stm32.7-2018-q2-update.win32_1.4.0.202007081208/tools/bin/../lib/gcc/arm-none-eabi/7.3.1/../../../../arm-none-eabi/lib/thumb/v7e-m/fpv4-sp/softfp\libc_nano.a(lib_a-mprec.o)
                0x0000000008014084                __pow5mult
 .text.__lshift
                0x0000000008014120       0xa8 c:/st/stm32cubeide_1.3.0/stm32cubeide/plugins/com.st.stm32cube.ide.mcu.externaltools.gnu-tools-for-stm32.7-2018-q2-update.win32_1.4.0.202007081208/tools/bin/../lib/gcc/arm-none-eabi/7.3.1/../../../../arm-none-eabi/lib/thumb/v7e-m/fpv4-sp/softfp\libc_nano.a(lib_a-mprec.o)
                0x0000000008014120                __lshift
 .text.__mcmp   0x00000000080141c8       0x34 c:/st/stm32cubeide_1.3.0/stm32cubeide/plugins/com.st.stm32cube.ide.mcu.externaltools.gnu-tools-for-stm32.7-2018-q2-update.win32_1.4.0.202007081208/tools/bin/../lib/gcc/arm-none-eabi/7.3.1/../../../../arm-none-eabi/lib/thumb/v7e-m/fpv4-sp/softfp\libc_nano.a(lib_a-mprec.o)
                0x00000000080141c8                __mcmp
 .text.__mdiff  0x00000000080141fc       0xba c:/st/stm32cubeide_1.3.0/stm32cubeide/plugins/com.st.stm32cube.ide.mcu.externaltools.gnu-tools-for-stm32.7-2018-q2-update.win32_1.4.0.202007081208/tools/bin/../lib/gcc/arm-none-eabi/7.3.1/../../../../arm-none-eabi/lib/thumb/v7e-m/fpv4-sp/softfp\libc_nano.a(lib_a-mprec.o)
                0x00000000080141fc                __mdiff
 .text.__d2b    0x00000000080142b6       0x9e c:/st/stm32cubeide_1.3.0/stm32cubeide/plugins/com.st.stm32cube.ide.mcu.externaltools.gnu-tools-for-stm32.7-2018-q2-update.win32_1.4.0.202007081208/tools/bin/../lib/gcc/arm-none-eabi/7.3.1/../../../../arm-none-eabi/lib/thumb/v7e-m/fpv4-sp/softfp\libc_nano.a(lib_a-mprec.o)
                0x00000000080142b6                __d2b
 .text._calloc_r
                0x0000000008014354       0x1c c:/st/stm32cubeide_1.3.0/stm32cubeide/plugins/com.st.stm32cube.ide.mcu.externaltools.gnu-tools-for-stm32.7-2018-q2-update.win32_1.4.0.202007081208/tools/bin/../lib/gcc/arm-none-eabi/7.3.1/../../../../arm-none-eabi/lib/thumb/v7e-m/fpv4-sp/softfp\libc_nano.a(lib_a-nano-callocr.o)
                0x0000000008014354                _calloc_r
 .text._free_r  0x0000000008014370       0x9c c:/st/stm32cubeide_1.3.0/stm32cubeide/plugins/com.st.stm32cube.ide.mcu.externaltools.gnu-tools-for-stm32.7-2018-q2-update.win32_1.4.0.202007081208/tools/bin/../lib/gcc/arm-none-eabi/7.3.1/../../../../arm-none-eabi/lib/thumb/v7e-m/fpv4-sp/softfp\libc_nano.a(lib_a-nano-freer.o)
                0x0000000008014370                _free_r
 .text._malloc_r
                0x000000000801440c       0xb4 c:/st/stm32cubeide_1.3.0/stm32cubeide/plugins/com.st.stm32cube.ide.mcu.externaltools.gnu-tools-for-stm32.7-2018-q2-update.win32_1.4.0.202007081208/tools/bin/../lib/gcc/arm-none-eabi/7.3.1/../../../../arm-none-eabi/lib/thumb/v7e-m/fpv4-sp/softfp\libc_nano.a(lib_a-nano-mallocr.o)
                0x000000000801440c                _malloc_r
 .text.__sfputc_r
                0x00000000080144c0       0x2e c:/st/stm32cubeide_1.3.0/stm32cubeide/plugins/com.st.stm32cube.ide.mcu.externaltools.gnu-tools-for-stm32.7-2018-q2-update.win32_1.4.0.202007081208/tools/bin/../lib/gcc/arm-none-eabi/7.3.1/../../../../arm-none-eabi/lib/thumb/v7e-m/fpv4-sp/softfp\libc_nano.a(lib_a-nano-vfprintf.o)
 .text.__sfputs_r
                0x00000000080144ee       0x24 c:/st/stm32cubeide_1.3.0/stm32cubeide/plugins/com.st.stm32cube.ide.mcu.externaltools.gnu-tools-for-stm32.7-2018-q2-update.win32_1.4.0.202007081208/tools/bin/../lib/gcc/arm-none-eabi/7.3.1/../../../../arm-none-eabi/lib/thumb/v7e-m/fpv4-sp/softfp\libc_nano.a(lib_a-nano-vfprintf.o)
                0x00000000080144ee                __sfputs_r
 *fill*         0x0000000008014512        0x2 
 .text._vfprintf_r
                0x0000000008014514      0x22c c:/st/stm32cubeide_1.3.0/stm32cubeide/plugins/com.st.stm32cube.ide.mcu.externaltools.gnu-tools-for-stm32.7-2018-q2-update.win32_1.4.0.202007081208/tools/bin/../lib/gcc/arm-none-eabi/7.3.1/../../../../arm-none-eabi/lib/thumb/v7e-m/fpv4-sp/softfp\libc_nano.a(lib_a-nano-vfprintf.o)
                0x0000000008014514                _vfprintf_r
                0x0000000008014514                _vfiprintf_r
 .text._putc_r  0x0000000008014740       0x6c c:/st/stm32cubeide_1.3.0/stm32cubeide/plugins/com.st.stm32cube.ide.mcu.externaltools.gnu-tools-for-stm32.7-2018-q2-update.win32_1.4.0.202007081208/tools/bin/../lib/gcc/arm-none-eabi/7.3.1/../../../../arm-none-eabi/lib/thumb/v7e-m/fpv4-sp/softfp\libc_nano.a(lib_a-putc.o)
                0x0000000008014740                _putc_r
 .text._sbrk_r  0x00000000080147ac       0x20 c:/st/stm32cubeide_1.3.0/stm32cubeide/plugins/com.st.stm32cube.ide.mcu.externaltools.gnu-tools-for-stm32.7-2018-q2-update.win32_1.4.0.202007081208/tools/bin/../lib/gcc/arm-none-eabi/7.3.1/../../../../arm-none-eabi/lib/thumb/v7e-m/fpv4-sp/softfp\libc_nano.a(lib_a-sbrkr.o)
                0x00000000080147ac                _sbrk_r
 .text.__sread  0x00000000080147cc       0x22 c:/st/stm32cubeide_1.3.0/stm32cubeide/plugins/com.st.stm32cube.ide.mcu.externaltools.gnu-tools-for-stm32.7-2018-q2-update.win32_1.4.0.202007081208/tools/bin/../lib/gcc/arm-none-eabi/7.3.1/../../../../arm-none-eabi/lib/thumb/v7e-m/fpv4-sp/softfp\libc_nano.a(lib_a-stdio.o)
                0x00000000080147cc                __sread
 .text.__swrite
                0x00000000080147ee       0x38 c:/st/stm32cubeide_1.3.0/stm32cubeide/plugins/com.st.stm32cube.ide.mcu.externaltools.gnu-tools-for-stm32.7-2018-q2-update.win32_1.4.0.202007081208/tools/bin/../lib/gcc/arm-none-eabi/7.3.1/../../../../arm-none-eabi/lib/thumb/v7e-m/fpv4-sp/softfp\libc_nano.a(lib_a-stdio.o)
                0x00000000080147ee                __swrite
 .text.__sseek  0x0000000008014826       0x24 c:/st/stm32cubeide_1.3.0/stm32cubeide/plugins/com.st.stm32cube.ide.mcu.externaltools.gnu-tools-for-stm32.7-2018-q2-update.win32_1.4.0.202007081208/tools/bin/../lib/gcc/arm-none-eabi/7.3.1/../../../../arm-none-eabi/lib/thumb/v7e-m/fpv4-sp/softfp\libc_nano.a(lib_a-stdio.o)
                0x0000000008014826                __sseek
 .text.__sclose
                0x000000000801484a        0x8 c:/st/stm32cubeide_1.3.0/stm32cubeide/plugins/com.st.stm32cube.ide.mcu.externaltools.gnu-tools-for-stm32.7-2018-q2-update.win32_1.4.0.202007081208/tools/bin/../lib/gcc/arm-none-eabi/7.3.1/../../../../arm-none-eabi/lib/thumb/v7e-m/fpv4-sp/softfp\libc_nano.a(lib_a-stdio.o)
                0x000000000801484a                __sclose
 *fill*         0x0000000008014852        0x2 
 .text._write_r
                0x0000000008014854       0x24 c:/st/stm32cubeide_1.3.0/stm32cubeide/plugins/com.st.stm32cube.ide.mcu.externaltools.gnu-tools-for-stm32.7-2018-q2-update.win32_1.4.0.202007081208/tools/bin/../lib/gcc/arm-none-eabi/7.3.1/../../../../arm-none-eabi/lib/thumb/v7e-m/fpv4-sp/softfp\libc_nano.a(lib_a-writer.o)
                0x0000000008014854                _write_r
 .text._close_r
                0x0000000008014878       0x20 c:/st/stm32cubeide_1.3.0/stm32cubeide/plugins/com.st.stm32cube.ide.mcu.externaltools.gnu-tools-for-stm32.7-2018-q2-update.win32_1.4.0.202007081208/tools/bin/../lib/gcc/arm-none-eabi/7.3.1/../../../../arm-none-eabi/lib/thumb/v7e-m/fpv4-sp/softfp\libc_nano.a(lib_a-closer.o)
                0x0000000008014878                _close_r
 .text._fstat_r
                0x0000000008014898       0x24 c:/st/stm32cubeide_1.3.0/stm32cubeide/plugins/com.st.stm32cube.ide.mcu.externaltools.gnu-tools-for-stm32.7-2018-q2-update.win32_1.4.0.202007081208/tools/bin/../lib/gcc/arm-none-eabi/7.3.1/../../../../arm-none-eabi/lib/thumb/v7e-m/fpv4-sp/softfp\libc_nano.a(lib_a-fstatr.o)
                0x0000000008014898                _fstat_r
 .text._isatty_r
                0x00000000080148bc       0x20 c:/st/stm32cubeide_1.3.0/stm32cubeide/plugins/com.st.stm32cube.ide.mcu.externaltools.gnu-tools-for-stm32.7-2018-q2-update.win32_1.4.0.202007081208/tools/bin/../lib/gcc/arm-none-eabi/7.3.1/../../../../arm-none-eabi/lib/thumb/v7e-m/fpv4-sp/softfp\libc_nano.a(lib_a-isattyr.o)
                0x00000000080148bc                _isatty_r
 .text._lseek_r
                0x00000000080148dc       0x24 c:/st/stm32cubeide_1.3.0/stm32cubeide/plugins/com.st.stm32cube.ide.mcu.externaltools.gnu-tools-for-stm32.7-2018-q2-update.win32_1.4.0.202007081208/tools/bin/../lib/gcc/arm-none-eabi/7.3.1/../../../../arm-none-eabi/lib/thumb/v7e-m/fpv4-sp/softfp\libc_nano.a(lib_a-lseekr.o)
                0x00000000080148dc                _lseek_r
 .text.__ascii_mbtowc
                0x0000000008014900       0x24 c:/st/stm32cubeide_1.3.0/stm32cubeide/plugins/com.st.stm32cube.ide.mcu.externaltools.gnu-tools-for-stm32.7-2018-q2-update.win32_1.4.0.202007081208/tools/bin/../lib/gcc/arm-none-eabi/7.3.1/../../../../arm-none-eabi/lib/thumb/v7e-m/fpv4-sp/softfp\libc_nano.a(lib_a-mbtowc_r.o)
                0x0000000008014900                __ascii_mbtowc
 .text.__malloc_lock
                0x0000000008014924        0x2 c:/st/stm32cubeide_1.3.0/stm32cubeide/plugins/com.st.stm32cube.ide.mcu.externaltools.gnu-tools-for-stm32.7-2018-q2-update.win32_1.4.0.202007081208/tools/bin/../lib/gcc/arm-none-eabi/7.3.1/../../../../arm-none-eabi/lib/thumb/v7e-m/fpv4-sp/softfp\libc_nano.a(lib_a-mlock.o)
                0x0000000008014924                __malloc_lock
 .text.__malloc_unlock
                0x0000000008014926        0x2 c:/st/stm32cubeide_1.3.0/stm32cubeide/plugins/com.st.stm32cube.ide.mcu.externaltools.gnu-tools-for-stm32.7-2018-q2-update.win32_1.4.0.202007081208/tools/bin/../lib/gcc/arm-none-eabi/7.3.1/../../../../arm-none-eabi/lib/thumb/v7e-m/fpv4-sp/softfp\libc_nano.a(lib_a-mlock.o)
                0x0000000008014926                __malloc_unlock
 .text._read_r  0x0000000008014928       0x24 c:/st/stm32cubeide_1.3.0/stm32cubeide/plugins/com.st.stm32cube.ide.mcu.externaltools.gnu-tools-for-stm32.7-2018-q2-update.win32_1.4.0.202007081208/tools/bin/../lib/gcc/arm-none-eabi/7.3.1/../../../../arm-none-eabi/lib/thumb/v7e-m/fpv4-sp/softfp\libc_nano.a(lib_a-readr.o)
                0x0000000008014928                _read_r
 .text.__ascii_wctomb
                0x000000000801494c       0x1a c:/st/stm32cubeide_1.3.0/stm32cubeide/plugins/com.st.stm32cube.ide.mcu.externaltools.gnu-tools-for-stm32.7-2018-q2-update.win32_1.4.0.202007081208/tools/bin/../lib/gcc/arm-none-eabi/7.3.1/../../../../arm-none-eabi/lib/thumb/v7e-m/fpv4-sp/softfp\libc_nano.a(lib_a-wctomb_r.o)
                0x000000000801494c                __ascii_wctomb
 *(.glue_7)
 .glue_7        0x0000000008014966        0x0 linker stubs
 *(.glue_7t)
 .glue_7t       0x0000000008014966        0x0 linker stubs
 *(.eh_frame)
 *fill*         0x0000000008014966        0x2 
 .eh_frame      0x0000000008014968        0x0 c:/st/stm32cubeide_1.3.0/stm32cubeide/plugins/com.st.stm32cube.ide.mcu.externaltools.gnu-tools-for-stm32.7-2018-q2-update.win32_1.4.0.202007081208/tools/bin/../lib/gcc/arm-none-eabi/7.3.1/thumb/v7e-m/fpv4-sp/softfp/crtbegin.o
 *(.init)
 .init          0x0000000008014968        0x4 c:/st/stm32cubeide_1.3.0/stm32cubeide/plugins/com.st.stm32cube.ide.mcu.externaltools.gnu-tools-for-stm32.7-2018-q2-update.win32_1.4.0.202007081208/tools/bin/../lib/gcc/arm-none-eabi/7.3.1/thumb/v7e-m/fpv4-sp/softfp/crti.o
                0x0000000008014968                _init
 .init          0x000000000801496c        0x8 c:/st/stm32cubeide_1.3.0/stm32cubeide/plugins/com.st.stm32cube.ide.mcu.externaltools.gnu-tools-for-stm32.7-2018-q2-update.win32_1.4.0.202007081208/tools/bin/../lib/gcc/arm-none-eabi/7.3.1/thumb/v7e-m/fpv4-sp/softfp/crtn.o
 *(.fini)
 .fini          0x0000000008014974        0x4 c:/st/stm32cubeide_1.3.0/stm32cubeide/plugins/com.st.stm32cube.ide.mcu.externaltools.gnu-tools-for-stm32.7-2018-q2-update.win32_1.4.0.202007081208/tools/bin/../lib/gcc/arm-none-eabi/7.3.1/thumb/v7e-m/fpv4-sp/softfp/crti.o
                0x0000000008014974                _fini
 .fini          0x0000000008014978        0x8 c:/st/stm32cubeide_1.3.0/stm32cubeide/plugins/com.st.stm32cube.ide.mcu.externaltools.gnu-tools-for-stm32.7-2018-q2-update.win32_1.4.0.202007081208/tools/bin/../lib/gcc/arm-none-eabi/7.3.1/thumb/v7e-m/fpv4-sp/softfp/crtn.o
                0x0000000008014980                . = ALIGN (0x4)
                0x0000000008014980                _etext = .

.vfp11_veneer   0x0000000008014980        0x0
 .vfp11_veneer  0x0000000008014980        0x0 linker stubs

.v4_bx          0x0000000008014980        0x0
 .v4_bx         0x0000000008014980        0x0 linker stubs

.iplt           0x0000000008014980        0x0
 .iplt          0x0000000008014980        0x0 c:/st/stm32cubeide_1.3.0/stm32cubeide/plugins/com.st.stm32cube.ide.mcu.externaltools.gnu-tools-for-stm32.7-2018-q2-update.win32_1.4.0.202007081208/tools/bin/../lib/gcc/arm-none-eabi/7.3.1/thumb/v7e-m/fpv4-sp/softfp/crtbegin.o

.rodata         0x0000000008014980      0xb28
                0x0000000008014980                . = ALIGN (0x4)
 *(.rodata)
 .rodata        0x0000000008014980       0x30 Core/Src/agent.o
 .rodata        0x00000000080149b0        0x8 Core/Src/battery.o
 .rodata        0x00000000080149b8       0x14 Core/Src/buzzer.o
 .rodata        0x00000000080149cc      0x210 Core/Src/nezutaka.o
 .rodata        0x0000000008014bdc       0x48 Core/Src/run.o
 .rodata        0x0000000008014c24       0x4c Core/Src/sensor.o
 *(.rodata*)
 .rodata.ADConv.str1.1
                0x0000000008014c70        0x7 Core/Src/adc.o
 .rodata.adachi.str1.1
                0x0000000008014c77       0x24 Core/Src/agent.o
                                         0x26 (size before relaxing)
 .rodata.saitan.str1.1
                0x0000000008014c9b       0x4a Core/Src/agent.o
 .rodata.HAL_GPIO_EXTI_Callback.str1.1
                0x0000000008014ce5        0x5 Core/Src/interrupt.o
 *fill*         0x0000000008014cea        0x2 
 .rodata.BATTERY_CHECK_attributes
                0x0000000008014cec       0x24 Core/Src/main.o
                0x0000000008014cec                BATTERY_CHECK_attributes
 .rodata.BUZZER_Task_attributes
                0x0000000008014d10       0x24 Core/Src/main.o
                0x0000000008014d10                BUZZER_Task_attributes
 .rodata.MORTOR_SLEEP_CH_attributes
                0x0000000008014d34       0x24 Core/Src/main.o
                0x0000000008014d34                MORTOR_SLEEP_CH_attributes
 .rodata.MOTOR_L_Task_attributes
                0x0000000008014d58       0x24 Core/Src/main.o
                0x0000000008014d58                MOTOR_L_Task_attributes
 .rodata.MOTOR_R_Task_attributes
                0x0000000008014d7c       0x24 Core/Src/main.o
                0x0000000008014d7c                MOTOR_R_Task_attributes
 .rodata.SENSOR_PRINT_TA_attributes
                0x0000000008014da0       0x24 Core/Src/main.o
                0x0000000008014da0                SENSOR_PRINT_TA_attributes
 .rodata.SchengeLSem_attributes
                0x0000000008014dc4       0x10 Core/Src/main.o
                0x0000000008014dc4                SchengeLSem_attributes
 .rodata.SchengeRSem_attributes
                0x0000000008014dd4       0x10 Core/Src/main.o
                0x0000000008014dd4                SchengeRSem_attributes
 .rodata.Sensor_Task_attributes
                0x0000000008014de4       0x24 Core/Src/main.o
                0x0000000008014de4                Sensor_Task_attributes
 .rodata.UART_Mutex_attributes
                0x0000000008014e08       0x10 Core/Src/main.o
                0x0000000008014e08                UART_Mutex_attributes
 .rodata.defaultTask_attributes
                0x0000000008014e18       0x24 Core/Src/main.o
                0x0000000008014e18                defaultTask_attributes
 .rodata.pwm_setSem_attributes
                0x0000000008014e3c       0x10 Core/Src/main.o
                0x0000000008014e3c                pwm_setSem_attributes
 .rodata.sensor_readSem_attributes
                0x0000000008014e4c       0x10 Core/Src/main.o
                0x0000000008014e4c                sensor_readSem_attributes
 .rodata.str1.1
                0x0000000008014e5c       0xb4 Core/Src/main.o
 .rodata.wait_usSem_attributes
                0x0000000008014f10       0x10 Core/Src/main.o
                0x0000000008014f10                wait_usSem_attributes
 .rodata.check_searchBlock.str1.1
                0x0000000008014f20       0x44 Core/Src/maze.o
                                         0x4a (size before relaxing)
 .rodata.print_map.str1.1
                0x0000000008014f64       0x32 Core/Src/maze.o
 .rodata.MENU.str1.1
                0x0000000008014f96       0x10 Core/Src/nezutaka.o
 .rodata.mode11.str1.1
                0x0000000008014fa6       0x4d Core/Src/nezutaka.o
 *fill*         0x0000000008014ff3        0x1 
 .rodata.mode_name.12977
                0x0000000008014ff4       0x40 Core/Src/nezutaka.o
 .rodata.nezutaka.str1.1
                0x0000000008015034        0xc Core/Src/nezutaka.o
 .rodata.str1.1
                0x0000000008015040       0xb9 Core/Src/nezutaka.o
 .rodata.slalom.str1.1
                0x00000000080150f9       0x98 Core/Src/run.o
 .rodata.straight.str1.1
                0x0000000008015191       0x10 Core/Src/run.o
 .rodata.SENSOR_PRINT.str1.1
                0x00000000080151a1       0x1a Core/Src/sensor.o
 .rodata.AHBPrescTable
                0x00000000080151bb       0x10 Core/Src/system_stm32f4xx.o
                0x00000000080151bb                AHBPrescTable
 .rodata.APBPrescTable
                0x00000000080151cb        0x8 Core/Src/system_stm32f4xx.o
                0x00000000080151cb                APBPrescTable
 .rodata.vTaskStartScheduler.str1.1
                0x00000000080151d3        0x5 Middlewares/Third_Party/FreeRTOS/Source/tasks.o
 .rodata.prvCheckForValidListAndQueue.str1.1
                0x00000000080151d8        0x5 Middlewares/Third_Party/FreeRTOS/Source/timers.o
 .rodata.xTimerCreateTimerTask.str1.1
                0x00000000080151dd        0x8 Middlewares/Third_Party/FreeRTOS/Source/timers.o
 *fill*         0x00000000080151e5        0x3 
 .rodata._global_impure_ptr